Component: ARM Compiler 5.06 update 7 (build 960) Tool: armlink [4d3601]

==============================================================================

Section Cross References

    system_stm32f4xx.o(i.SystemCoreClockUpdate) refers to system_stm32f4xx.o(.data) for SystemCoreClock
    system_stm32f4xx.o(i.SystemInit) refers to system_stm32f4xx.o(i.SetSysClock) for SetSysClock
    main.o(i.main) refers to board.o(i.board_init) for board_init
    main.o(i.main) refers to tjc_uart4.o(i.tjc_uart4_init) for tjc_uart4_init
    main.o(i.main) refers to gps_uart2.o(i.gps_uart2_init) for gps_uart2_init
    main.o(i.main) refers to board.o(i.delay_ms) for delay_ms
    main.o(i.main) refers to gps_uart2.o(i.gps_is_new_data_available) for gps_is_new_data_available
    main.o(i.main) refers to gps_data_processing.o(i.get_filtered_latitude) for get_filtered_latitude
    main.o(i.main) refers to gps_data_processing.o(i.get_filtered_longitude) for get_filtered_longitude
    main.o(i.main) refers to gps_uart2.o(i.gps_has_fix) for gps_has_fix
    main.o(i.main) refers to tjc_uart4.o(i.TJCPrintf) for TJCPrintf
    main.o(i.main) refers to gps_data_processing.o(i.wgs84_to_gcj02) for wgs84_to_gcj02
    main.o(i.main) refers to gps_data_processing.o(i.gcj02_to_gaode_tile) for gcj02_to_gaode_tile
    main.o(i.main) refers to gps_data_processing.o(i.convert_utc_to_beijing) for convert_utc_to_beijing
    main.o(i.main) refers to gps_data_processing.o(i.gcj02_to_tile_pixel_offset) for gcj02_to_tile_pixel_offset
    main.o(i.main) refers to f2d.o(.text) for __aeabi_f2d
    main.o(i.main) refers to gps_data_processing.o(i.get_filtered_speed_kmh) for get_filtered_speed_kmh
    main.o(i.main) refers to gps_uart2.o(i.gps_clear_new_data_flag) for gps_clear_new_data_flag
    main.o(i.main) refers to gps_uart2.o(.bss) for gps_device
    debug_uart5.o(i.debug_uart5_init) refers to stm32f4xx_rcc.o(i.RCC_AHB1PeriphClockCmd) for RCC_AHB1PeriphClockCmd
    debug_uart5.o(i.debug_uart5_init) refers to stm32f4xx_rcc.o(i.RCC_APB1PeriphClockCmd) for RCC_APB1PeriphClockCmd
    debug_uart5.o(i.debug_uart5_init) refers to stm32f4xx_gpio.o(i.GPIO_Init) for GPIO_Init
    debug_uart5.o(i.debug_uart5_init) refers to stm32f4xx_gpio.o(i.GPIO_PinAFConfig) for GPIO_PinAFConfig
    debug_uart5.o(i.debug_uart5_init) refers to stm32f4xx_usart.o(i.USART_Init) for USART_Init
    debug_uart5.o(i.debug_uart5_init) refers to stm32f4xx_usart.o(i.USART_Cmd) for USART_Cmd
    debug_uart5.o(i.debug_uart5_send_byte) refers to stm32f4xx_usart.o(i.USART_SendData) for USART_SendData
    debug_uart5.o(i.debug_uart5_send_byte) refers to stm32f4xx_usart.o(i.USART_GetFlagStatus) for USART_GetFlagStatus
    debug_uart5.o(i.debug_uart5_send_string) refers to debug_uart5.o(i.debug_uart5_send_byte) for debug_uart5_send_byte
    debug_uart5.o(i.fgetc) refers to stm32f4xx_usart.o(i.USART_GetFlagStatus) for USART_GetFlagStatus
    debug_uart5.o(i.fgetc) refers to stm32f4xx_usart.o(i.USART_ReceiveData) for USART_ReceiveData
    debug_uart5.o(i.fputc) refers to debug_uart5.o(i.debug_uart5_send_byte) for debug_uart5_send_byte
    gps_uart2.o(i.USART2_IRQHandler) refers to stm32f4xx_usart.o(i.USART_GetITStatus) for USART_GetITStatus
    gps_uart2.o(i.USART2_IRQHandler) refers to stm32f4xx_usart.o(i.USART_ReceiveData) for USART_ReceiveData
    gps_uart2.o(i.USART2_IRQHandler) refers to strstr.o(.text) for strstr
    gps_uart2.o(i.USART2_IRQHandler) refers to gps_uart2.o(i.gps_parse_nmea) for gps_parse_nmea
    gps_uart2.o(i.USART2_IRQHandler) refers to stm32f4xx_usart.o(i.USART_ClearITPendingBit) for USART_ClearITPendingBit
    gps_uart2.o(i.USART2_IRQHandler) refers to gps_uart2.o(.bss) for gps_device
    gps_uart2.o(i.gps_check_nmea_checksum) refers to strtoul.o(.text) for strtoul
    gps_uart2.o(i.gps_clear_new_data_flag) refers to gps_uart2.o(.bss) for gps_device
    gps_uart2.o(i.gps_extract_field) refers to strncpy.o(.text) for strncpy
    gps_uart2.o(i.gps_get_course_degrees) refers to gps_uart2.o(.bss) for gps_device
    gps_uart2.o(i.gps_get_last_update_time) refers to gps_uart2.o(.bss) for gps_device
    gps_uart2.o(i.gps_get_latitude_degree) refers to gps_uart2.o(i.gps_convert_to_degree) for gps_convert_to_degree
    gps_uart2.o(i.gps_get_latitude_degree) refers to gps_uart2.o(.bss) for gps_device
    gps_uart2.o(i.gps_get_longitude_degree) refers to gps_uart2.o(i.gps_convert_to_degree) for gps_convert_to_degree
    gps_uart2.o(i.gps_get_longitude_degree) refers to gps_uart2.o(.bss) for gps_device
    gps_uart2.o(i.gps_get_speed_kmh) refers to gps_uart2.o(.bss) for gps_device
    gps_uart2.o(i.gps_has_fix) refers to gps_uart2.o(.bss) for gps_device
    gps_uart2.o(i.gps_is_new_data_available) refers to gps_uart2.o(.bss) for gps_device
    gps_uart2.o(i.gps_parse_gprmc) refers to gps_uart2.o(i.gps_extract_field) for gps_extract_field
    gps_uart2.o(i.gps_parse_gprmc) refers to strlen.o(.text) for strlen
    gps_uart2.o(i.gps_parse_gprmc) refers to strncpy.o(.text) for strncpy
[...]
    Removing stm32f4xx_tim.o(i.TIM_CCPreloadControl), (24 bytes).
    Removing stm32f4xx_tim.o(i.TIM_CCxCmd), (30 bytes).
    Removing stm32f4xx_tim.o(i.TIM_CCxNCmd), (30 bytes).
    Removing stm32f4xx_tim.o(i.TIM_ClearFlag), (6 bytes).
    Removing stm32f4xx_tim.o(i.TIM_ClearITPendingBit), (6 bytes).
    Removing stm32f4xx_tim.o(i.TIM_ClearOC1Ref), (18 bytes).
    Removing stm32f4xx_tim.o(i.TIM_ClearOC2Ref), (24 bytes).
    Removing stm32f4xx_tim.o(i.TIM_ClearOC3Ref), (18 bytes).
    Removing stm32f4xx_tim.o(i.TIM_ClearOC4Ref), (24 bytes).
    Removing stm32f4xx_tim.o(i.TIM_Cmd), (24 bytes).
    Removing stm32f4xx_tim.o(i.TIM_CounterModeConfig), (18 bytes).
    Removing stm32f4xx_tim.o(i.TIM_CtrlPWMOutputs), (30 bytes).
    Removing stm32f4xx_tim.o(i.TIM_DMACmd), (18 bytes).
    Removing stm32f4xx_tim.o(i.TIM_DMAConfig), (10 bytes).
    Removing stm32f4xx_tim.o(i.TIM_DeInit), (400 bytes).
    Removing stm32f4xx_tim.o(i.TIM_ETRClockMode1Config), (54 bytes).
    Removing stm32f4xx_tim.o(i.TIM_ETRClockMode2Config), (32 bytes).
    Removing stm32f4xx_tim.o(i.TIM_ETRConfig), (28 bytes).
    Removing stm32f4xx_tim.o(i.TIM_EncoderInterfaceConfig), (66 bytes).
    Removing stm32f4xx_tim.o(i.TIM_ForcedOC1Config), (18 bytes).
    Removing stm32f4xx_tim.o(i.TIM_ForcedOC2Config), (26 bytes).
    Removing stm32f4xx_tim.o(i.TIM_ForcedOC3Config), (18 bytes).
    Removing stm32f4xx_tim.o(i.TIM_ForcedOC4Config), (26 bytes).
    Removing stm32f4xx_tim.o(i.TIM_GenerateEvent), (4 bytes).
    Removing stm32f4xx_tim.o(i.TIM_GetCapture1), (6 bytes).
    Removing stm32f4xx_tim.o(i.TIM_GetCapture2), (6 bytes).
    Removing stm32f4xx_tim.o(i.TIM_GetCapture3), (6 bytes).
    Removing stm32f4xx_tim.o(i.TIM_GetCapture4), (6 bytes).
    Removing stm32f4xx_tim.o(i.TIM_GetCounter), (6 bytes).
    Removing stm32f4xx_tim.o(i.TIM_GetFlagStatus), (18 bytes).
    Removing stm32f4xx_tim.o(i.TIM_GetITStatus), (34 bytes).
    Removing stm32f4xx_tim.o(i.TIM_GetPrescaler), (6 bytes).
    Removing stm32f4xx_tim.o(i.TIM_ICInit), (110 bytes).
    Removing stm32f4xx_tim.o(i.TIM_ICStructInit), (18 bytes).
    Removing stm32f4xx_tim.o(i.TIM_ITConfig), (18 bytes).
    Removing stm32f4xx_tim.o(i.TIM_ITRxExternalClockConfig), (24 bytes).
    Removing stm32f4xx_tim.o(i.TIM_InternalClockConfig), (12 bytes).
    Removing stm32f4xx_tim.o(i.TIM_OC1FastConfig), (18 bytes).
    Removing stm32f4xx_tim.o(i.TIM_OC1Init), (124 bytes).
    Removing stm32f4xx_tim.o(i.TIM_OC1NPolarityConfig), (18 bytes).
    Removing stm32f4xx_tim.o(i.TIM_OC1PolarityConfig), (18 bytes).
    Removing stm32f4xx_tim.o(i.TIM_OC1PreloadConfig), (18 bytes).
    Removing stm32f4xx_tim.o(i.TIM_OC2FastConfig), (26 bytes).
    Removing stm32f4xx_tim.o(i.TIM_OC2Init), (164 bytes).
    Removing stm32f4xx_tim.o(i.TIM_OC2NPolarityConfig), (26 bytes).
    Removing stm32f4xx_tim.o(i.TIM_OC2PolarityConfig), (26 bytes).
    Removing stm32f4xx_tim.o(i.TIM_OC2PreloadConfig), (26 bytes).
    Removing stm32f4xx_tim.o(i.TIM_OC3FastConfig), (18 bytes).
    Removing stm32f4xx_tim.o(i.TIM_OC3Init), (160 bytes).
    Removing stm32f4xx_tim.o(i.TIM_OC3NPolarityConfig), (26 bytes).
    Removing stm32f4xx_tim.o(i.TIM_OC3PolarityConfig), (26 bytes).
    Removing stm32f4xx_tim.o(i.TIM_OC3PreloadConfig), (18 bytes).
    Removing stm32f4xx_tim.o(i.TIM_OC4FastConfig), (26 bytes).
    Removing stm32f4xx_tim.o(i.TIM_OC4Init), (120 bytes).
    Removing stm32f4xx_tim.o(i.TIM_OC4PolarityConfig), (26 bytes).
    Removing stm32f4xx_tim.o(i.TIM_OC4PreloadConfig), (26 bytes).
    Removing stm32f4xx_tim.o(i.TIM_OCStructInit), (20 bytes).
    Removing stm32f4xx_tim.o(i.TIM_PWMIConfig), (124 bytes).
    Removing stm32f4xx_tim.o(i.TIM_PrescalerConfig), (6 bytes).
    Removing stm32f4xx_tim.o(i.TIM_RemapConfig), (6 bytes).
    Removing stm32f4xx_tim.o(i.TIM_SelectCCDMA), (24 bytes).
    Removing stm32f4xx_tim.o(i.TIM_SelectCOM), (24 bytes).
    Removing stm32f4xx_tim.o(i.TIM_SelectHallSensor), (24 bytes).
    Removing stm32f4xx_tim.o(i.TIM_SelectInputTrigger), (18 bytes).
    Removing stm32f4xx_tim.o(i.TIM_SelectMasterSlaveMode), (18 bytes).
    Removing stm32f4xx_tim.o(i.TIM_SelectOCxM), (86 bytes).
    Removing stm32f4xx_tim.o(i.TIM_SelectOnePulseMode), (18 bytes).
    Removing stm32f4xx_tim.o(i.TIM_SelectOutputTrigger), (18 bytes).
    Removing stm32f4xx_tim.o(i.TIM_SelectSlaveMode), (18 bytes).
    Removing stm32f4xx_tim.o(i.TIM_SetAutoreload), (4 bytes).
    Removing stm32f4xx_tim.o(i.TIM_SetClockDivision), (18 bytes).
    Removing stm32f4xx_tim.o(i.TIM_SetCompare1), (4 bytes).
    Removing stm32f4xx_tim.o(i.TIM_SetCompare2), (4 bytes).
    Removing stm32f4xx_tim.o(i.TIM_SetCompare3), (4 bytes).
    Removing stm32f4xx_tim.o(i.TIM_SetCompare4), (4 bytes).
    Removing stm32f4xx_tim.o(i.TIM_SetCounter), (4 bytes).
    Removing stm32f4xx_tim.o(i.TIM_SetIC1Prescaler), (18 bytes).
    Removing stm32f4xx_tim.o(i.TIM_SetIC2Prescaler), (26 bytes).
    Removing stm32f4xx_tim.o(i.TIM_SetIC3Prescaler), (18 bytes).
    Removing stm32f4xx_tim.o(i.TIM_SetIC4Prescaler), (26 bytes).
    Removing stm32f4xx_tim.o(i.TIM_TIxExternalClockConfig), (62 bytes).
    Removing stm32f4xx_tim.o(i.TIM_TimeBaseInit), (132 bytes).
    Removing stm32f4xx_tim.o(i.TIM_TimeBaseStructInit), (18 bytes).
    Removing stm32f4xx_tim.o(i.TIM_UpdateDisableConfig), (24 bytes).
    Removing stm32f4xx_tim.o(i.TIM_UpdateRequestConfig), (24 bytes).
    Removing stm32f4xx_usart.o(.rev16_text), (4 bytes).
    Removing stm32f4xx_usart.o(.revsh_text), (4 bytes).
    Removing stm32f4xx_usart.o(.rrx_text), (6 bytes).
    Removing stm32f4xx_usart.o(i.USART_ClearFlag), (18 bytes).
    Removing stm32f4xx_usart.o(i.USART_ClockInit), (32 bytes).
    Removing stm32f4xx_usart.o(i.USART_ClockStructInit), (12 bytes).
    Removing stm32f4xx_usart.o(i.USART_DMACmd), (18 bytes).
    Removing stm32f4xx_usart.o(i.USART_DeInit), (240 bytes).
    Removing stm32f4xx_usart.o(i.USART_HalfDuplexCmd), (24 bytes).
    Removing stm32f4xx_usart.o(i.USART_IrDACmd), (24 bytes).
    Removing stm32f4xx_usart.o(i.USART_IrDAConfig), (18 bytes).
    Removing stm32f4xx_usart.o(i.USART_LINBreakDetectLengthConfig), (18 bytes).
    Removing stm32f4xx_usart.o(i.USART_LINCmd), (24 bytes).
    Removing stm32f4xx_usart.o(i.USART_OneBitMethodCmd), (24 bytes).
    Removing stm32f4xx_usart.o(i.USART_OverSampling8Cmd), (22 bytes).
    Removing stm32f4xx_usart.o(i.USART_ReceiverWakeUpCmd), (24 bytes).
    Removing stm32f4xx_usart.o(i.USART_SendBreak), (10 bytes).
    Removing stm32f4xx_usart.o(i.USART_SetAddress), (18 bytes).
    Removing stm32f4xx_usart.o(i.USART_SetGuardTime), (16 bytes).
    Removing stm32f4xx_usart.o(i.USART_SetPrescaler), (16 bytes).
    Removing stm32f4xx_usart.o(i.USART_SmartCardCmd), (24 bytes).
    Removing stm32f4xx_usart.o(i.USART_SmartCardNACKCmd), (24 bytes).
    Removing stm32f4xx_usart.o(i.USART_StructInit), (24 bytes).
    Removing stm32f4xx_usart.o(i.USART_WakeUpConfig), (18 bytes).
    Removing stm32f4xx_wwdg.o(.rev16_text), (4 bytes).
    Removing stm32f4xx_wwdg.o(.revsh_text), (4 bytes).
    Removing stm32f4xx_wwdg.o(.rrx_text), (6 bytes).
    Removing stm32f4xx_wwdg.o(i.WWDG_ClearFlag), (12 bytes).
    Removing stm32f4xx_wwdg.o(i.WWDG_DeInit), (22 bytes).
    Removing stm32f4xx_wwdg.o(i.WWDG_Enable), (16 bytes).
    Removing stm32f4xx_wwdg.o(i.WWDG_EnableIT), (12 bytes).
    Removing stm32f4xx_wwdg.o(i.WWDG_GetFlagStatus), (20 bytes).
    Removing stm32f4xx_wwdg.o(i.WWDG_SetCounter), (16 bytes).
    Removing stm32f4xx_wwdg.o(i.WWDG_SetPrescaler), (24 bytes).
    Removing stm32f4xx_wwdg.o(i.WWDG_SetWindowValue), (40 bytes).

856 unused section(s) (total 36498 bytes) removed from the image.

==============================================================================

Image Symbol Table

    Local Symbols

    Symbol Name                              Value     Ov Type        Size  Object(Section)

    ../clib/microlib/ctype/ctype.c           0x00000000   Number         0  isdigit_o.o ABSOLUTE
    ../clib/microlib/ctype/ctype.c           0x00000000   Number         0  ispunct_o.o ABSOLUTE
    ../clib/microlib/ctype/ctype.c           0x00000000   Number         0  isgraph_o.o ABSOLUTE
    ../clib/microlib/ctype/ctype.c           0x00000000   Number         0  isspace_o.o ABSOLUTE
    ../clib/microlib/ctype/ctype.c           0x00000000   Number         0  islower_o.o ABSOLUTE
    ../clib/microlib/ctype/ctype.c           0x00000000   Number         0  isprint_o.o ABSOLUTE
    ../clib/microlib/ctype/ctype.c           0x00000000   Number         0  isupper_o.o ABSOLUTE
    ../clib/microlib/ctype/ctype.c           0x00000000   Number         0  isblank_o.o ABSOLUTE
    ../clib/microlib/ctype/ctype.c           0x00000000   Number         0  isspace_c.o ABSOLUTE
    ../clib/microlib/ctype/ctype.c           0x00000000   Number         0  isxdigit_o.o ABSOLUTE
    ../clib/microlib/ctype/ctype.c           0x00000000   Number         0  ctype_c.o ABSOLUTE
    ../clib/microlib/ctype/ctype.c           0x00000000   Number         0  ctype_o.o ABSOLUTE
    ../clib/microlib/ctype/ctype.c           0x00000000   Number         0  iscntrl_o.o ABSOLUTE
    ../clib/microlib/ctype/ctype.c           0x00000000   Number         0  isalnum_o.o ABSOLUTE
    ../clib/microlib/ctype/ctype.c           0x00000000   Number         0  isalpha_o.o ABSOLUTE
    ../clib/microlib/division.c              0x00000000   Number         0  uidiv.o ABSOLUTE
    ../clib/microlib/division.c              0x00000000   Number         0  uldiv.o ABSOLUTE
    ../clib/microlib/errno.c                 0x00000000   Number         0  errno.o ABSOLUTE
    ../clib/microlib/init/entry.s            0x00000000   Number         0  entry11a.o ABSOLUTE
    ../clib/microlib/init/entry.s            0x00000000   Number         0  entry12b.o ABSOLUTE
    ../clib/microlib/init/entry.s            0x00000000   Number         0  entry11b.o ABSOLUTE
    ../clib/microlib/init/entry.s            0x00000000   Number         0  entry7b.o ABSOLUTE
    ../clib/microlib/init/entry.s            0x00000000   Number         0  entry12a.o ABSOLUTE
    ../clib/microlib/init/entry.s            0x00000000   Number         0  entry7a.o ABSOLUTE
    ../clib/microlib/init/entry.s            0x00000000   Number         0  entry8a.o ABSOLUTE
    ../clib/microlib/init/entry.s            0x00000000   Number         0  entry8b.o ABSOLUTE
    ../clib/microlib/init/entry.s            0x00000000   Number         0  entry.o ABSOLUTE
    ../clib/microlib/init/entry.s            0x00000000   Number         0  entry9a.o ABSOLUTE
    ../clib/microlib/init/entry.s            0x00000000   Number         0  entry9b.o ABSOLUTE
    ../clib/microlib/init/entry.s            0x00000000   Number         0  entry2.o ABSOLUTE
    ../clib/microlib/init/entry.s            0x00000000   Number         0  entry10a.o ABSOLUTE
    ../clib/microlib/init/entry.s            0x00000000   Number         0  entry5.o ABSOLUTE
    ../clib/microlib/init/entry.s            0x00000000   Number         0  entry10b.o ABSOLUTE
    ../clib/microlib/longlong.c              0x00000000   Number         0  llsshr.o ABSOLUTE
    ../clib/microlib/longlong.c              0x00000000   Number         0  llshl.o ABSOLUTE
    ../clib/microlib/longlong.c              0x00000000   Number         0  llushr.o ABSOLUTE
    ../clib/microlib/printf/printf.c         0x00000000   Number         0  printfa.o ABSOLUTE
    ../clib/microlib/printf/printf.c         0x00000000   Number         0  printf8.o ABSOLUTE
    ../clib/microlib/printf/printf.c         0x00000000   Number         0  printf7.o ABSOLUTE
    ../clib/microlib/printf/printf.c         0x00000000   Number         0  printf3.o ABSOLUTE
    ../clib/microlib/printf/printf.c         0x00000000   Number         0  printf6.o ABSOLUTE
    ../clib/microlib/printf/printf.c         0x00000000   Number         0  printfb.o ABSOLUTE
    ../clib/microlib/printf/printf.c         0x00000000   Number         0  printf5.o ABSOLUTE
    ../clib/microlib/printf/printf.c         0x00000000   Number         0  printf2.o ABSOLUTE
    ../clib/microlib/printf/printf.c         0x00000000   Number         0  printf4.o ABSOLUTE
    ../clib/microlib/printf/printf.c         0x00000000   Number         0  printf1.o ABSOLUTE
    ../clib/microlib/printf/printf.c         0x00000000   Number         0  printf0.o ABSOLUTE
    ../clib/microlib/stdio/streams.c         0x00000000   Number         0  stdout.o ABSOLUTE
    ../clib/microlib/string/memset.c         0x00000000   Number         0  memseta.o ABSOLUTE
    ../clib/microlib/string/strlen.c         0x00000000   Number         0  strlen.o ABSOLUTE
    ../clib/microlib/string/strncpy.c        0x00000000   Number         0  strncpy.o ABSOLUTE
    ../clib/microlib/string/strstr.c         0x00000000   Number         0  strstr.o ABSOLUTE
    ../clib/microlib/stubs.s                 0x00000000   Number         0  iusefp.o ABSOLUTE
    ../clib/scanf.c                          0x00000000   Number         0  _chval.o ABSOLUTE
    ../clib/scanf.c                          0x00000000   Number         0  _sgetc.o ABSOLUTE
    ../clib/scanf.c                          0x00000000   Number         0  scanf_fp.o ABSOLUTE
    ../clib/scanf.c                          0x00000000   Number         0  strtoul.o ABSOLUTE
    ../clib/scanf.c                          0x00000000   Number         0  strtod.o ABSOLUTE
    ../clib/scanf.c                          0x00000000   Number         0  _strtoul.o ABSOLUTE
    ../fplib/microlib/d2f.c                  0x00000000   Number         0  d2f.o ABSOLUTE
    ../fplib/microlib/f2d.c                  0x00000000   Number         0  f2d.o ABSOLUTE
    ../fplib/microlib/fpadd.c                0x00000000   Number         0  dadd.o ABSOLUTE
    ../fplib/microlib/fpdiv.c                0x00000000   Number         0  ddiv.o ABSOLUTE
    ../fplib/microlib/fpepilogue.c           0x00000000   Number         0  fepilogue.o ABSOLUTE
    ../fplib/microlib/fpepilogue.c           0x00000000   Number         0  depilogue.o ABSOLUTE
    ../fplib/microlib/fpfix.c                0x00000000   Number         0  dfixul.o ABSOLUTE
    ../fplib/microlib/fpflt.c                0x00000000   Number         0  dfltul.o ABSOLUTE
    ../fplib/microlib/fpmul.c                0x00000000   Number         0  dmul.o ABSOLUTE
    ../mathlib/atof.c                        0x00000000   Number         0  atof.o ABSOLUTE
    ../mathlib/cosf.c                        0x00000000   Number         0  cosf_x.o ABSOLUTE
    ../mathlib/cosf.c                        0x00000000   Number         0  cosf.o ABSOLUTE
    ../mathlib/fpclassifyf.c                 0x00000000   Number         0  fpclassifyf.o ABSOLUTE
    ../mathlib/funder.c                      0x00000000   Number         0  funder.o ABSOLUTE
    ../mathlib/logf.c                        0x00000000   Number         0  logf_x.o ABSOLUTE
    ../mathlib/logf.c                        0x00000000   Number         0  logf.o ABSOLUTE
    ../mathlib/rredf.c                       0x00000000   Number         0  rredf.o ABSOLUTE
    ../mathlib/sinf.c                        0x00000000   Number         0  sinf.o ABSOLUTE
    ../mathlib/sinf.c                        0x00000000   Number         0  sinf_x.o ABSOLUTE
    ../mathlib/sqrtf.c                       0x00000000   Number         0  sqrtf.o ABSOLUTE
    ../mathlib/sqrtf.c                       0x00000000   Number         0  sqrtf_x.o ABSOLUTE
    ../mathlib/tanf.c                        0x00000000   Number         0  tanf.o ABSOLUTE
    ../mathlib/tanf.c                        0x00000000   Number         0  tanf_x.o ABSOLUTE
    ..\..\board\board.c                      0x00000000   Number         0  board.o ABSOLUTE
    ..\..\libraries\CMSIS\Device\ST\STM32F4xx\Source\Templates\arm\startup_stm32f40xx.s 0x00000000   Number         0  startup_stm32f40xx.o ABSOLUTE
    ..\..\libraries\CMSIS\Device\ST\STM32F4xx\Source\Templates\system_stm32f4xx.c 0x00000000   Number         0  system_stm32f4xx.o ABSOLUTE
    ..\..\libraries\STM32F4xx_StdPeriph_Driver\src\misc.c 0x00000000   Number         0  misc.o ABSOLUTE
    ..\..\libraries\STM32F4xx_StdPeriph_Driver\src\stm32f4xx_adc.c 0x00000000   Number         0  stm32f4xx_adc.o ABSOLUTE
    ..\..\libraries\STM32F4xx_StdPeriph_Driver\src\stm32f4xx_can.c 0x00000000   Number         0  stm32f4xx_can.o ABSOLUTE
    ..\..\libraries\STM32F4xx_StdPeriph_Driver\src\stm32f4xx_cec.c 0x00000000   Number         0  stm32f4xx_cec.o ABSOLUTE
    ..\..\libraries\STM32F4xx_StdPeriph_Driver\src\stm32f4xx_crc.c 0x00000000   Number         0  stm32f4xx_crc.o ABSOLUTE
    ..\..\libraries\STM32F4xx_StdPeriph_Driver\src\stm32f4xx_cryp.c 0x00000000   Number         0  stm32f4xx_cryp.o ABSOLUTE
    ..\..\libraries\STM32F4xx_StdPeriph_Driver\src\stm32f4xx_cryp_aes.c 0x00000000   Number         0  stm32f4xx_cryp_aes.o ABSOLUTE
    ..\..\libraries\STM32F4xx_StdPeriph_Driver\src\stm32f4xx_cryp_des.c 0x00000000   Number         0  stm32f4xx_cryp_des.o ABSOLUTE
    ..\..\libraries\STM32F4xx_StdPeriph_Driver\src\stm32f4xx_cryp_tdes.c 0x00000000   Number         0  stm32f4xx_cryp_tdes.o ABSOLUTE
    ..\..\libraries\STM32F4xx_StdPeriph_Driver\src\stm32f4xx_dac.c 0x00000000   Number         0  stm32f4xx_dac.o ABSOLUTE
    ..\..\libraries\STM32F4xx_StdPeriph_Driver\src\stm32f4xx_dbgmcu.c 0x00000000   Number         0  stm32f4xx_dbgmcu.o ABSOLUTE
    ..\..\libraries\STM32F4xx_StdPeriph_Driver\src\stm32f4xx_dcmi.c 0x00000000   Number         0  stm32f4xx_dcmi.o ABSOLUTE
    ..\..\libraries\STM32F4xx_StdPeriph_Driver\src\stm32f4xx_dfsdm.c 0x00000000   Number         0  stm32f4xx_dfsdm.o ABSOLUTE
    ..\..\libraries\STM32F4xx_StdPeriph_Driver\src\stm32f4xx_dma.c 0x00000000   Number         0  stm32f4xx_dma.o ABSOLUTE
    ..\..\libraries\STM32F4xx_StdPeriph_Driver\src\stm32f4xx_dma2d.c 0x00000000   Number         0  stm32f4xx_dma2d.o ABSOLUTE
    ..\..\libraries\STM32F4xx_StdPeriph_Driver\src\stm32f4xx_dsi.c 0x00000000   Number         0  stm32f4xx_dsi.o ABSOLUTE
    ..\..\libraries\STM32F4xx_StdPeriph_Driver\src\stm32f4xx_exti.c 0x00000000   Number         0  stm32f4xx_exti.o ABSOLUTE
    ..\..\libraries\STM32F4xx_StdPeriph_Driver\src\stm32f4xx_flash.c 0x00000000   Number         0  stm32f4xx_flash.o ABSOLUTE
    ..\..\libraries\STM32F4xx_StdPeriph_Driver\src\stm32f4xx_flash_ramfunc.c 0x00000000   Number         0  stm32f4xx_flash_ramfunc.o ABSOLUTE
    ..\..\libraries\STM32F4xx_StdPeriph_Driver\src\stm32f4xx_fmpi2c.c 0x00000000   Number         0  stm32f4xx_fmpi2c.o ABSOLUTE
    ..\..\libraries\STM32F4xx_StdPeriph_Driver\src\stm32f4xx_fsmc.c 0x00000000   Number         0  stm32f4xx_fsmc.o ABSOLUTE
    ..\..\libraries\STM32F4xx_StdPeriph_Driver\src\stm32f4xx_gpio.c 0x00000000   Number         0  stm32f4xx_gpio.o ABSOLUTE
    ..\..\libraries\STM32F4xx_StdPeriph_Driver\src\stm32f4xx_hash.c 0x00000000   Number         0  stm32f4xx_hash.o ABSOLUTE
    ..\..\libraries\STM32F4xx_StdPeriph_Driver\src\stm32f4xx_hash_md5.c 0x00000000   Number         0  stm32f4xx_hash_md5.o ABSOLUTE
    ..\..\libraries\STM32F4xx_StdPeriph_Driver\src\stm32f4xx_hash_sha1.c 0x00000000   Number         0  stm32f4xx_hash_sha1.o ABSOLUTE
    ..\..\libraries\STM32F4xx_StdPeriph_Driver\src\stm32f4xx_i2c.c 0x00000000   Number         0  stm32f4xx_i2c.o ABSOLUTE
    ..\..\libraries\STM32F4xx_StdPeriph_Driver\src\stm32f4xx_iwdg.c 0x00000000   Number         0  stm32f4xx_iwdg.o ABSOLUTE
    ..\..\libraries\STM32F4xx_StdPeriph_Driver\src\stm32f4xx_lptim.c 0x00000000   Number         0  stm32f4xx_lptim.o ABSOLUTE
    ..\..\libraries\STM32F4xx_StdPeriph_Driver\src\stm32f4xx_ltdc.c 0x00000000   Number         0  stm32f4xx_ltdc.o ABSOLUTE
    ..\..\libraries\STM32F4xx_StdPeriph_Driver\src\stm32f4xx_pwr.c 0x00000000   Number         0  stm32f4xx_pwr.o ABSOLUTE
    ..\..\libraries\STM32F4xx_StdPeriph_Driver\src\stm32f4xx_qspi.c 0x00000000   Number         0  stm32f4xx_qspi.o ABSOLUTE
    ..\..\libraries\STM32F4xx_StdPeriph_Driver\src\stm32f4xx_rcc.c 0x00000000   Number         0  stm32f4xx_rcc.o ABSOLUTE
    ..\..\libraries\STM32F4xx_StdPeriph_Driver\src\stm32f4xx_rng.c 0x00000000   Number         0  stm32f4xx_rng.o ABSOLUTE
    ..\..\libraries\STM32F4xx_StdPeriph_Driver\src\stm32f4xx_rtc.c 0x00000000   Number         0  stm32f4xx_rtc.o ABSOLUTE
    ..\..\libraries\STM32F4xx_StdPeriph_Driver\src\stm32f4xx_sai.c 0x00000000   Number         0  stm32f4xx_sai.o ABSOLUTE
    ..\..\libraries\STM32F4xx_StdPeriph_Driver\src\stm32f4xx_sdio.c 0x00000000   Number         0  stm32f4xx_sdio.o ABSOLUTE
    ..\..\libraries\STM32F4xx_StdPeriph_Driver\src\stm32f4xx_spdifrx.c 0x00000000   Number         0  stm32f4xx_spdifrx.o ABSOLUTE
    ..\..\libraries\STM32F4xx_StdPeriph_Driver\src\stm32f4xx_spi.c 0x00000000   Number         0  stm32f4xx_spi.o ABSOLUTE
    ..\..\libraries\STM32F4xx_StdPeriph_Driver\src\stm32f4xx_syscfg.c 0x00000000   Number         0  stm32f4xx_syscfg.o ABSOLUTE
    ..\..\libraries\STM32F4xx_StdPeriph_Driver\src\stm32f4xx_tim.c 0x00000000   Number         0  stm32f4xx_tim.o ABSOLUTE
    ..\..\libraries\STM32F4xx_StdPeriph_Driver\src\stm32f4xx_usart.c 0x00000000   Number         0  stm32f4xx_usart.o ABSOLUTE
    ..\..\libraries\STM32F4xx_StdPeriph_Driver\src\stm32f4xx_wwdg.c 0x00000000   Number         0  stm32f4xx_wwdg.o ABSOLUTE
    ..\..\user\debug_uart5.c                 0x00000000   Number         0  debug_uart5.o ABSOLUTE
    ..\..\user\gps_data_processing.c         0x00000000   Number         0  gps_data_processing.o ABSOLUTE
    ..\..\user\gps_uart2.c                   0x00000000   Number         0  gps_uart2.o ABSOLUTE
    ..\..\user\main.c                        0x00000000   Number         0  main.o ABSOLUTE
    ..\..\user\tjc_uart4.c                   0x00000000   Number         0  tjc_uart4.o ABSOLUTE
    ..\\..\\board\\board.c                   0x00000000   Number         0  board.o ABSOLUTE
    ..\\..\\libraries\\CMSIS\\Device\\ST\\STM32F4xx\\Source\\Templates\\system_stm32f4xx.c 0x00000000   Number         0  system_stm32f4xx.o ABSOLUTE
    ..\\..\\libraries\\STM32F4xx_StdPeriph_Driver\\src\\misc.c 0x00000000   Number         0  misc.o ABSOLUTE
    ..\\..\\libraries\\STM32F4xx_StdPeriph_Driver\\src\\stm32f4xx_adc.c 0x00000000   Number         0  stm32f4xx_adc.o ABSOLUTE
    ..\\..\\libraries\\STM32F4xx_StdPeriph_Driver\\src\\stm32f4xx_can.c 0x00000000   Number         0  stm32f4xx_can.o ABSOLUTE
    ..\\..\\libraries\\STM32F4xx_StdPeriph_Driver\\src\\stm32f4xx_cec.c 0x00000000   Number         0  stm32f4xx_cec.o ABSOLUTE
    ..\\..\\libraries\\STM32F4xx_StdPeriph_Driver\\src\\stm32f4xx_crc.c 0x00000000   Number         0  stm32f4xx_crc.o ABSOLUTE
    ..\\..\\libraries\\STM32F4xx_StdPeriph_Driver\\src\\stm32f4xx_cryp.c 0x00000000   Number         0  stm32f4xx_cryp.o ABSOLUTE
    ..\\..\\libraries\\STM32F4xx_StdPeriph_Driver\\src\\stm32f4xx_cryp_aes.c 0x00000000   Number         0  stm32f4xx_cryp_aes.o ABSOLUTE
    ..\\..\\libraries\\STM32F4xx_StdPeriph_Driver\\src\\stm32f4xx_cryp_des.c 0x00000000   Number         0  stm32f4xx_cryp_des.o ABSOLUTE
    ..\\..\\libraries\\STM32F4xx_StdPeriph_Driver\\src\\stm32f4xx_cryp_tdes.c 0x00000000   Number         0  stm32f4xx_cryp_tdes.o ABSOLUTE
    ..\\..\\libraries\\STM32F4xx_StdPeriph_Driver\\src\\stm32f4xx_dac.c 0x00000000   Number         0  stm32f4xx_dac.o ABSOLUTE
    ..\\..\\libraries\\STM32F4xx_StdPeriph_Driver\\src\\stm32f4xx_dbgmcu.c 0x00000000   Number         0  stm32f4xx_dbgmcu.o ABSOLUTE
    ..\\..\\libraries\\STM32F4xx_StdPeriph_Driver\\src\\stm32f4xx_dcmi.c 0x00000000   Number         0  stm32f4xx_dcmi.o ABSOLUTE
    ..\\..\\libraries\\STM32F4xx_StdPeriph_Driver\\src\\stm32f4xx_dfsdm.c 0x00000000   Number         0  stm32f4xx_dfsdm.o ABSOLUTE
    ..\\..\\libraries\\STM32F4xx_StdPeriph_Driver\\src\\stm32f4xx_dma.c 0x00000000   Number         0  stm32f4xx_dma.o ABSOLUTE
    ..\\..\\libraries\\STM32F4xx_StdPeriph_Driver\\src\\stm32f4xx_dma2d.c 0x00000000   Number         0  stm32f4xx_dma2d.o ABSOLUTE
    ..\\..\\libraries\\STM32F4xx_StdPeriph_Driver\\src\\stm32f4xx_dsi.c 0x00000000   Number         0  stm32f4xx_dsi.o ABSOLUTE
    ..\\..\\libraries\\STM32F4xx_StdPeriph_Driver\\src\\stm32f4xx_exti.c 0x00000000   Number         0  stm32f4xx_exti.o ABSOLUTE
    ..\\..\\libraries\\STM32F4xx_StdPeriph_Driver\\src\\stm32f4xx_flash.c 0x00000000   Number         0  stm32f4xx_flash.o ABSOLUTE
    ..\\..\\libraries\\STM32F4xx_StdPeriph_Driver\\src\\stm32f4xx_flash_ramfunc.c 0x00000000   Number         0  stm32f4xx_flash_ramfunc.o ABSOLUTE
    ..\\..\\libraries\\STM32F4xx_StdPeriph_Driver\\src\\stm32f4xx_fmpi2c.c 0x00000000   Number         0  stm32f4xx_fmpi2c.o ABSOLUTE
    ..\\..\\libraries\\STM32F4xx_StdPeriph_Driver\\src\\stm32f4xx_fsmc.c 0x00000000   Number         0  stm32f4xx_fsmc.o ABSOLUTE
    ..\\..\\libraries\\STM32F4xx_StdPeriph_Driver\\src\\stm32f4xx_gpio.c 0x00000000   Number         0  stm32f4xx_gpio.o ABSOLUTE
    ..\\..\\libraries\\STM32F4xx_StdPeriph_Driver\\src\\stm32f4xx_hash.c 0x00000000   Number         0  stm32f4xx_hash.o ABSOLUTE
    ..\\..\\libraries\\STM32F4xx_StdPeriph_Driver\\src\\stm32f4xx_hash_md5.c 0x00000000   Number         0  stm32f4xx_hash_md5.o ABSOLUTE
    ..\\..\\libraries\\STM32F4xx_StdPeriph_Driver\\src\\stm32f4xx_hash_sha1.c 0x00000000   Number         0  stm32f4xx_hash_sha1.o ABSOLUTE
    ..\\..\\libraries\\STM32F4xx_StdPeriph_Driver\\src\\stm32f4xx_i2c.c 0x00000000   Number         0  stm32f4xx_i2c.o ABSOLUTE
    ..\\..\\libraries\\STM32F4xx_StdPeriph_Driver\\src\\stm32f4xx_iwdg.c 0x00000000   Number         0  stm32f4xx_iwdg.o ABSOLUTE
    ..\\..\\libraries\\STM32F4xx_StdPeriph_Driver\\src\\stm32f4xx_lptim.c 0x00000000   Number         0  stm32f4xx_lptim.o ABSOLUTE
    ..\\..\\libraries\\STM32F4xx_StdPeriph_Driver\\src\\stm32f4xx_ltdc.c 0x00000000   Number         0  stm32f4xx_ltdc.o ABSOLUTE
    ..\\..\\libraries\\STM32F4xx_StdPeriph_Driver\\src\\stm32f4xx_pwr.c 0x00000000   Number         0  stm32f4xx_pwr.o ABSOLUTE
    ..\\..\\libraries\\STM32F4xx_StdPeriph_Driver\\src\\stm32f4xx_qspi.c 0x00000000   Number         0  stm32f4xx_qspi.o ABSOLUTE
    ..\\..\\libraries\\STM32F4xx_StdPeriph_Driver\\src\\stm32f4xx_rcc.c 0x00000000   Number         0  stm32f4xx_rcc.o ABSOLUTE
    ..\\..\\libraries\\STM32F4xx_StdPeriph_Driver\\src\\stm32f4xx_rng.c 0x00000000   Number         0  stm32f4xx_rng.o ABSOLUTE
    ..\\..\\libraries\\STM32F4xx_StdPeriph_Driver\\src\\stm32f4xx_rtc.c 0x00000000   Number         0  stm32f4xx_rtc.o ABSOLUTE
    ..\\..\\libraries\\STM32F4xx_StdPeriph_Driver\\src\\stm32f4xx_sai.c 0x00000000   Number         0  stm32f4xx_sai.o ABSOLUTE
    ..\\..\\libraries\\STM32F4xx_StdPeriph_Driver\\src\\stm32f4xx_sdio.c 0x00000000   Number         0  stm32f4xx_sdio.o ABSOLUTE
    ..\\..\\libraries\\STM32F4xx_StdPeriph_Driver\\src\\stm32f4xx_spdifrx.c 0x00000000   Number         0  stm32f4xx_spdifrx.o ABSOLUTE
    ..\\..\\libraries\\STM32F4xx_StdPeriph_Driver\\src\\stm32f4xx_spi.c 0x00000000   Number         0  stm32f4xx_spi.o ABSOLUTE
    ..\\..\\libraries\\STM32F4xx_StdPeriph_Driver\\src\\stm32f4xx_syscfg.c 0x00000000   Number         0  stm32f4xx_syscfg.o ABSOLUTE
    ..\\..\\libraries\\STM32F4xx_StdPeriph_Driver\\src\\stm32f4xx_tim.c 0x00000000   Number         0  stm32f4xx_tim.o ABSOLUTE
    ..\\..\\libraries\\STM32F4xx_StdPeriph_Driver\\src\\stm32f4xx_usart.c 0x00000000   Number         0  stm32f4xx_usart.o ABSOLUTE
    ..\\..\\libraries\\STM32F4xx_StdPeriph_Driver\\src\\stm32f4xx_wwdg.c 0x00000000   Number         0  stm32f4xx_wwdg.o ABSOLUTE
    ..\\..\\user\\debug_uart5.c              0x00000000   Number         0  debug_uart5.o ABSOLUTE
    ..\\..\\user\\gps_data_processing.c      0x00000000   Number         0  gps_data_processing.o ABSOLUTE
    ..\\..\\user\\gps_uart2.c                0x00000000   Number         0  gps_uart2.o ABSOLUTE
    ..\\..\\user\\main.c                     0x00000000   Number         0  main.o ABSOLUTE
    ..\\..\\user\\tjc_uart4.c                0x00000000   Number         0  tjc_uart4.o ABSOLUTE
    cdrcmple.s                               0x00000000   Number         0  cdrcmple.o ABSOLUTE
    dc.s                                     0x00000000   Number         0  dc.o ABSOLUTE
    handlers.s                               0x00000000   Number         0  handlers.o ABSOLUTE
    init.s                                   0x00000000   Number         0  init.o ABSOLUTE
    RESET                                    0x08000000   Section      392  startup_stm32f40xx.o(RESET)
    .ARM.Collect$$$$00000000                 0x08000188   Section        0  entry.o(.ARM.Collect$$$$00000000)
    .ARM.Collect$$$$00000001                 0x08000188   Section        4  entry2.o(.ARM.Collect$$$$00000001)
    .ARM.Collect$$$$00000004                 0x0800018c   Section        4  entry5.o(.ARM.Collect$$$$00000004)
    .ARM.Collect$$$$00000008                 0x08000190   Section        0  entry7b.o(.ARM.Collect$$$$00000008)
    .ARM.Collect$$$$0000000A                 0x08000190   Section        0  entry8b.o(.ARM.Collect$$$$0000000A)
    .ARM.Collect$$$$0000000B                 0x08000190   Section        8  entry9a.o(.ARM.Collect$$$$0000000B)
    .ARM.Collect$$$$0000000E                 0x08000198   Section        4  entry12b.o(.ARM.Collect$$$$0000000E)
    .ARM.Collect$$$$0000000F                 0x0800019c   Section        0  entry10a.o(.ARM.Collect$$$$0000000F)
    .ARM.Collect$$$$00000011                 0x0800019c   Section        0  entry11a.o(.ARM.Collect$$$$00000011)
    .ARM.Collect$$$$00002712                 0x0800019c   Section        4  entry2.o(.ARM.Collect$$$$00002712)
    __lit__00000000                          0x0800019c   Data           4  entry2.o(.ARM.Collect$$$$00002712)
    .text                                    0x080001a0   Section       36  startup_stm32f40xx.o(.text)
    $v0                                      0x080001a0   Number         0  startup_stm32f40xx.o(.text)
    .text                                    0x080001c4   Section        0  memseta.o(.text)
    .text                                    0x080001e8   Section        0  strstr.o(.text)
    .text                                    0x0800020c   Section        0  strncpy.o(.text)
    .text                                    0x08000224   Section        0  strlen.o(.text)
    .text                                    0x08000232   Section        0  strtoul.o(.text)
    .text                                    0x080002a4   Section        0  f2d.o(.text)
    .text                                    0x080002ca   Section        0  d2f.o(.text)
    .text                                    0x08000302   Section        0  uidiv.o(.text)
    .text                                    0x0800032e   Section        0  uldiv.o(.text)
    .text                                    0x08000390   Section        0  ctype_o.o(.text)
    .text                                    0x08000398   Section        0  isspace_o.o(.text)
    .text                                    0x080003aa   Section        0  _strtoul.o(.text)
    .text                                    0x08000448   Section        0  strtod.o(.text)
    _local_sscanf                            0x08000449   Thumb Code    54  strtod.o(.text)
    .text                                    0x080004e4   Section        0  iusefp.o(.text)
    .text                                    0x080004e4   Section        0  fepilogue.o(.text)
    .text                                    0x08000552   Section        0  dadd.o(.text)
    .text                                    0x080006a0   Section        0  dmul.o(.text)
    .text                                    0x08000784   Section        0  ddiv.o(.text)
    .text                                    0x08000862   Section        0  dfixul.o(.text)
    .text                                    0x08000894   Section       48  cdrcmple.o(.text)
    .text                                    0x080008c4   Section       36  init.o(.text)
    .text                                    0x080008e8   Section        0  llshl.o(.text)
    .text                                    0x08000906   Section        0  llushr.o(.text)
    .text                                    0x08000926   Section        0  llsshr.o(.text)
    .text                                    0x0800094a   Section        0  _chval.o(.text)
    .text                                    0x08000968   Section        0  scanf_fp.o(.text)
    _fp_value                                0x08000969   Thumb Code   296  scanf_fp.o(.text)
    .text                                    0x08000cc8   Section        0  _sgetc.o(.text)
    .text                                    0x08000d08   Section        0  depilogue.o(.text)
    .text                                    0x08000dc2   Section        0  dfltul.o(.text)
    i.GPIO_Init                              0x08000dda   Section        0  stm32f4xx_gpio.o(i.GPIO_Init)
    i.GPIO_PinAFConfig                       0x08000e6a   Section        0  stm32f4xx_gpio.o(i.GPIO_PinAFConfig)
    i.NVIC_Init                              0x08000eb0   Section        0  misc.o(i.NVIC_Init)
    i.RCC_AHB1PeriphClockCmd                 0x08000f28   Section        0  stm32f4xx_rcc.o(i.RCC_AHB1PeriphClockCmd)
    i.RCC_APB1PeriphClockCmd                 0x08000f48   Section        0  stm32f4xx_rcc.o(i.RCC_APB1PeriphClockCmd)
    i.RCC_GetClocksFreq                      0x08000f68   Section        0  stm32f4xx_rcc.o(i.RCC_GetClocksFreq)
    i.SetSysClock                            0x08001050   Section        0  system_stm32f4xx.o(i.SetSysClock)
    SetSysClock                              0x08001051   Thumb Code   220  system_stm32f4xx.o(i.SetSysClock)
    i.SysTick_CLKSourceConfig                0x0800113c   Section        0  misc.o(i.SysTick_CLKSourceConfig)
    i.SystemInit                             0x08001164   Section        0  system_stm32f4xx.o(i.SystemInit)
    i.TJCPrintf                              0x080011cc   Section        0  tjc_uart4.o(i.TJCPrintf)
    i.UART4_IRQHandler                       0x08001218   Section        0  tjc_uart4.o(i.UART4_IRQHandler)
    i.USART2_IRQHandler                      0x08001244   Section        0  gps_uart2.o(i.USART2_IRQHandler)
    i.USART_ClearITPendingBit                0x0800130c   Section        0  stm32f4xx_usart.o(i.USART_ClearITPendingBit)
    i.USART_Cmd                              0x0800132a   Section        0  stm32f4xx_usart.o(i.USART_Cmd)
    i.USART_GetFlagStatus                    0x08001342   Section        0  stm32f4xx_usart.o(i.USART_GetFlagStatus)
    i.USART_GetITStatus                      0x0800135c   Section        0  stm32f4xx_usart.o(i.USART_GetITStatus)
    i.USART_ITConfig                         0x080013b0   Section        0  stm32f4xx_usart.o(i.USART_ITConfig)
    i.USART_Init                             0x080013fc   Section        0  stm32f4xx_usart.o(i.USART_Init)
    i.USART_ReceiveData                      0x080014d0   Section        0  stm32f4xx_usart.o(i.USART_ReceiveData)
    i.USART_SendData                         0x080014da   Section        0  stm32f4xx_usart.o(i.USART_SendData)
    i.__0printf                              0x080014e4   Section        0  printfa.o(i.__0printf)
    i.__0vsnprintf                           0x08001504   Section        0  printfa.o(i.__0vsnprintf)
    i.__ARM_fpclassifyf                      0x08001538   Section        0  fpclassifyf.o(i.__ARM_fpclassifyf)
    i.__aeabi_errno_addr                     0x08001560   Section        0  errno.o(i.__aeabi_errno_addr)
    i.__hardfp_atof                          0x08001568   Section        0  atof.o(i.__hardfp_atof)
    i.__hardfp_cosf                          0x080015a0   Section        0  cosf.o(i.__hardfp_cosf)
    i.__hardfp_logf                          0x080016f0   Section        0  logf.o(i.__hardfp_logf)
    i.__hardfp_sinf                          0x0800185c   Section        0  sinf.o(i.__hardfp_sinf)
    i.__hardfp_sqrtf                         0x080019ec   Section        0  sqrtf.o(i.__hardfp_sqrtf)
    i.__hardfp_tanf                          0x08001a28   Section        0  tanf.o(i.__hardfp_tanf)
    i.__mathlib_flt_divzero                  0x08001ba4   Section        0  funder.o(i.__mathlib_flt_divzero)
    i.__mathlib_flt_infnan                   0x08001bb8   Section        0  funder.o(i.__mathlib_flt_infnan)
    i.__mathlib_flt_invalid                  0x08001bc0   Section        0  funder.o(i.__mathlib_flt_invalid)
    i.__mathlib_flt_underflow                0x08001bd0   Section        0  funder.o(i.__mathlib_flt_underflow)
    i.__mathlib_rredf2                       0x08001be0   Section        0  rredf.o(i.__mathlib_rredf2)
    i.__read_errno                           0x08001d34   Section        0  errno.o(i.__read_errno)
    i.__scatterload_copy                     0x08001d40   Section       14  handlers.o(i.__scatterload_copy)
    i.__scatterload_null                     0x08001d4e   Section        2  handlers.o(i.__scatterload_null)
    i.__scatterload_zeroinit                 0x08001d50   Section       14  handlers.o(i.__scatterload_zeroinit)
    i.__set_errno                            0x08001d60   Section        0  errno.o(i.__set_errno)
    i._fp_digits                             0x08001d6c   Section        0  printfa.o(i._fp_digits)
    _fp_digits                               0x08001d6d   Thumb Code   366  printfa.o(i._fp_digits)
    i._is_digit                              0x08001ef0   Section        0  scanf_fp.o(i._is_digit)
    i._printf_core                           0x08001f00   Section        0  printfa.o(i._printf_core)
    _printf_core                             0x08001f01   Thumb Code  1704  printfa.o(i._printf_core)
    i._printf_post_padding                   0x080025b4   Section        0  printfa.o(i._printf_post_padding)
    _printf_post_padding                     0x080025b5   Thumb Code    36  printfa.o(i._printf_post_padding)
    i._printf_pre_padding                    0x080025d8   Section        0  printfa.o(i._printf_pre_padding)
    _printf_pre_padding                      0x080025d9   Thumb Code    46  printfa.o(i._printf_pre_padding)
    i._snputc                                0x08002606   Section        0  printfa.o(i._snputc)
    _snputc                                  0x08002607   Thumb Code    22  printfa.o(i._snputc)
    i.board_init                             0x0800261c   Section        0  board.o(i.board_init)
    i.convert_utc_to_beijing                 0x08002648   Section        0  gps_data_processing.o(i.convert_utc_to_beijing)
    i.debug_TJCPrintf                        0x0800270a   Section        0  tjc_uart4.o(i.debug_TJCPrintf)
    i.debug_uart5_send_byte                  0x08002758   Section        0  debug_uart5.o(i.debug_uart5_send_byte)
    i.delay_ms                               0x08002778   Section        0  board.o(i.delay_ms)
    i.delay_us                               0x0800278c   Section        0  board.o(i.delay_us)
    i.filter_latitude                        0x080027e0   Section        0  gps_data_processing.o(i.filter_latitude)
    i.filter_longitude                       0x08002844   Section        0  gps_data_processing.o(i.filter_longitude)
    i.filter_speed                           0x080028a8   Section        0  gps_data_processing.o(i.filter_speed)
    i.fputc                                  0x0800290c   Section        0  debug_uart5.o(i.fputc)
    i.gcj02_to_gaode_tile                    0x0800291c   Section        0  gps_data_processing.o(i.gcj02_to_gaode_tile)
    i.gcj02_to_tile_pixel_offset             0x08002a60   Section        0  gps_data_processing.o(i.gcj02_to_tile_pixel_offset)
    i.get_days_in_month                      0x08002b80   Section        0  gps_data_processing.o(i.get_days_in_month)
    get_days_in_month                        0x08002b81   Thumb Code    50  gps_data_processing.o(i.get_days_in_month)
    i.get_filtered_latitude                  0x08002bc0   Section        0  gps_data_processing.o(i.get_filtered_latitude)
    i.get_filtered_longitude                 0x08002bdc   Section        0  gps_data_processing.o(i.get_filtered_longitude)
    i.get_filtered_speed_kmh                 0x08002bf8   Section        0  gps_data_processing.o(i.get_filtered_speed_kmh)
    i.gps_check_nmea_checksum                0x08002c10   Section        0  gps_uart2.o(i.gps_check_nmea_checksum)
    gps_check_nmea_checksum                  0x08002c11   Thumb Code    88  gps_uart2.o(i.gps_check_nmea_checksum)
    i.gps_clear_new_data_flag                0x08002c68   Section        0  gps_uart2.o(i.gps_clear_new_data_flag)
    i.gps_convert_to_degree                  0x08002c78   Section        0  gps_uart2.o(i.gps_convert_to_degree)
    gps_convert_to_degree                    0x08002c79   Thumb Code    90  gps_uart2.o(i.gps_convert_to_degree)
    i.gps_extract_field                      0x08002cdc   Section        0  gps_uart2.o(i.gps_extract_field)
    gps_extract_field                        0x08002cdd   Thumb Code    98  gps_uart2.o(i.gps_extract_field)
    i.gps_get_latitude_degree                0x08002d40   Section        0  gps_uart2.o(i.gps_get_latitude_degree)
    i.gps_get_longitude_degree               0x08002d60   Section        0  gps_uart2.o(i.gps_get_longitude_degree)
    i.gps_get_speed_kmh                      0x08002d80   Section        0  gps_uart2.o(i.gps_get_speed_kmh)
    i.gps_has_fix                            0x08002d98   Section        0  gps_uart2.o(i.gps_has_fix)
    i.gps_is_new_data_available              0x08002da4   Section        0  gps_uart2.o(i.gps_is_new_data_available)
    i.gps_parse_gprmc                        0x08002db0   Section        0  gps_uart2.o(i.gps_parse_gprmc)
    gps_parse_gprmc                          0x08002db1   Thumb Code   582  gps_uart2.o(i.gps_parse_gprmc)
    i.gps_parse_nmea                         0x08003000   Section        0  gps_uart2.o(i.gps_parse_nmea)
    i.gps_uart2_init                         0x08003038   Section        0  gps_uart2.o(i.gps_uart2_init)
    i.is_leap_year                           0x0800311c   Section        0  gps_data_processing.o(i.is_leap_year)
    is_leap_year                             0x0800311d   Thumb Code    52  gps_data_processing.o(i.is_leap_year)
    i.main                                   0x08003150   Section        0  main.o(i.main)
    i.out_of_china                           0x080035e4   Section        0  gps_data_processing.o(i.out_of_china)
    out_of_china                             0x080035e5   Thumb Code    68  gps_data_processing.o(i.out_of_china)
    i.ring_init                              0x08003638   Section        0  tjc_uart4.o(i.ring_init)
    ring_init                                0x08003639   Thumb Code    12  tjc_uart4.o(i.ring_init)
    i.ring_write                             0x08003648   Section        0  tjc_uart4.o(i.ring_write)
    ring_write                               0x08003649   Thumb Code    54  tjc_uart4.o(i.ring_write)
    i.tjc_uart4_init                         0x08003684   Section        0  tjc_uart4.o(i.tjc_uart4_init)
    i.tjc_uart4_send_byte                    0x0800375c   Section        0  tjc_uart4.o(i.tjc_uart4_send_byte)
    tjc_uart4_send_byte                      0x0800375d   Thumb Code    28  tjc_uart4.o(i.tjc_uart4_send_byte)
    i.transform_lat                          0x0800377c   Section        0  gps_data_processing.o(i.transform_lat)
    transform_lat                            0x0800377d   Thumb Code   354  gps_data_processing.o(i.transform_lat)
    i.transform_lon                          0x080038fc   Section        0  gps_data_processing.o(i.transform_lon)
    transform_lon                            0x080038fd   Thumb Code   350  gps_data_processing.o(i.transform_lon)
    i.wgs84_to_gcj02                         0x08003a70   Section        0  gps_data_processing.o(i.wgs84_to_gcj02)
    .constdata                               0x08003c14   Section       64  logf.o(.constdata)
    logahi                                   0x08003c14   Data          32  logf.o(.constdata)
    logalo                                   0x08003c34   Data          32  logf.o(.constdata)
    .constdata                               0x08003c54   Section       32  rredf.o(.constdata)
    twooverpi                                0x08003c54   Data          32  rredf.o(.constdata)
    .constdata                               0x08003c74   Section      129  ctype_o.o(.constdata)
    .constdata                               0x08003cf8   Section        4  ctype_o.o(.constdata)
    table                                    0x08003cf8   Data           4  ctype_o.o(.constdata)
    .data                                    0x20000000   Section       20  system_stm32f4xx.o(.data)
    .data                                    0x20000014   Section        3  gps_data_processing.o(.data)
    latitude_index                           0x20000014   Data           1  gps_data_processing.o(.data)
    longitude_index                          0x20000015   Data           1  gps_data_processing.o(.data)
    speed_index                              0x20000016   Data           1  gps_data_processing.o(.data)
    .data                                    0x20000017   Section       16  stm32f4xx_rcc.o(.data)
    APBAHBPrescTable                         0x20000017   Data          16  stm32f4xx_rcc.o(.data)
    .data                                    0x20000028   Section        4  stdout.o(.data)
    .data                                    0x2000002c   Section        4  errno.o(.data)
    _errno                                   0x2000002c   Data           4  errno.o(.data)
    .bss                                     0x20000030   Section      328  gps_uart2.o(.bss)
    .bss                                     0x20000178   Section      506  tjc_uart4.o(.bss)
    rx_ring                                  0x20000178   Data         506  tjc_uart4.o(.bss)
    .bss                                     0x20000374   Section       60  gps_data_processing.o(.bss)
    latitude_history                         0x20000374   Data          20  gps_data_processing.o(.bss)
    longitude_history                        0x20000388   Data          20  gps_data_processing.o(.bss)
    speed_history                            0x2000039c   Data          20  gps_data_processing.o(.bss)
    STACK                                    0x200003b0   Section     1024  startup_stm32f40xx.o(STACK)

    Global Symbols

    Symbol Name                              Value     Ov Type        Size  Object(Section)

    BuildAttributes$$THM_ISAv4$E$P$D$K$B$S$7EM$VFPi3$EXTD16$VFPS$VFMA$PE$A:L22UL41UL21$X:L11$S22US41US21$IEEE1$IW$USESV6$~STKCKD$USESV7$~SHL$OTIME$ROPI$IEEEX$EBA8$MICROLIB$REQ8$PRES8$EABIv2 0x00000000   Number         0  anon$$obj.o ABSOLUTE
    __ARM_use_no_argv                        0x00000000   Number         0  main.o ABSOLUTE
    __arm_fini_                               - Undefined Weak Reference
    __cpp_initialize__aeabi_                  - Undefined Weak Reference
    __cxa_finalize                            - Undefined Weak Reference
    __decompress                              - Undefined Weak Reference
    _clock_init                               - Undefined Weak Reference
    _microlib_exit                            - Undefined Weak Reference
    __Vectors_Size                           0x00000188   Number         0  startup_stm32f40xx.o ABSOLUTE
    __Vectors                                0x08000000   Data           4  startup_stm32f40xx.o(RESET)
    __Vectors_End                            0x08000188   Data           0  startup_stm32f40xx.o(RESET)
    __main                                   0x08000189   Thumb Code     0  entry.o(.ARM.Collect$$$$00000000)
    _main_stk                                0x08000189   Thumb Code     0  entry2.o(.ARM.Collect$$$$00000001)
    _main_scatterload                        0x0800018d   Thumb Code     0  entry5.o(.ARM.Collect$$$$00000004)
    __main_after_scatterload                 0x08000191   Thumb Code     0  entry5.o(.ARM.Collect$$$$00000004)
    _main_clock                              0x08000191   Thumb Code     0  entry7b.o(.ARM.Collect$$$$00000008)
    _main_cpp_init                           0x08000191   Thumb Code     0  entry8b.o(.ARM.Collect$$$$0000000A)
    _main_init                               0x08000191   Thumb Code     0  entry9a.o(.ARM.Collect$$$$0000000B)
    __rt_lib_shutdown_fini                   0x08000199   Thumb Code     0  entry12b.o(.ARM.Collect$$$$0000000E)
    __rt_final_cpp                           0x0800019d   Thumb Code     0  entry10a.o(.ARM.Collect$$$$0000000F)
    __rt_final_exit                          0x0800019d   Thumb Code     0  entry11a.o(.ARM.Collect$$$$00000011)
    Reset_Handler                            0x080001a1   Thumb Code     8  startup_stm32f40xx.o(.text)
    NMI_Handler                              0x080001a9   Thumb Code     2  startup_stm32f40xx.o(.text)
    HardFault_Handler                        0x080001ab   Thumb Code     2  startup_stm32f40xx.o(.text)
    MemManage_Handler                        0x080001ad   Thumb Code     2  startup_stm32f40xx.o(.text)
    BusFault_Handler                         0x080001af   Thumb Code     2  startup_stm32f40xx.o(.text)
    UsageFault_Handler                       0x080001b1   Thumb Code     2  startup_stm32f40xx.o(.text)
    SVC_Handler                              0x080001b3   Thumb Code     2  startup_stm32f40xx.o(.text)
    DebugMon_Handler                         0x080001b5   Thumb Code     2  startup_stm32f40xx.o(.text)
    PendSV_Handler                           0x080001b7   Thumb Code     2  startup_stm32f40xx.o(.text)
    SysTick_Handler                          0x080001b9   Thumb Code     2  startup_stm32f40xx.o(.text)
    ADC_IRQHandler                           0x080001bb   Thumb Code     0  startup_stm32f40xx.o(.text)
    CAN1_RX0_IRQHandler                      0x080001bb   Thumb Code     0  startup_stm32f40xx.o(.text)
    CAN1_RX1_IRQHandler                      0x080001bb   Thumb Code     0  startup_stm32f40xx.o(.text)
    CAN1_SCE_IRQHandler                      0x080001bb   Thumb Code     0  startup_stm32f40xx.o(.text)
    CAN1_TX_IRQHandler                       0x080001bb   Thumb Code     0  startup_stm32f40xx.o(.text)
    CAN2_RX0_IRQHandler                      0x080001bb   Thumb Code     0  startup_stm32f40xx.o(.text)
    CAN2_RX1_IRQHandler                      0x080001bb   Thumb Code     0  startup_stm32f40xx.o(.text)
    CAN2_SCE_IRQHandler                      0x080001bb   Thumb Code     0  startup_stm32f40xx.o(.text)
    CAN2_TX_IRQHandler                       0x080001bb   Thumb Code     0  startup_stm32f40xx.o(.text)
    CRYP_IRQHandler                          0x080001bb   Thumb Code     0  startup_stm32f40xx.o(.text)
    DCMI_IRQHandler                          0x080001bb   Thumb Code     0  startup_stm32f40xx.o(.text)
    DMA1_Stream0_IRQHandler                  0x080001bb   Thumb Code     0  startup_stm32f40xx.o(.text)
    DMA1_Stream1_IRQHandler                  0x080001bb   Thumb Code     0  startup_stm32f40xx.o(.text)
    DMA1_Stream2_IRQHandler                  0x080001bb   Thumb Code     0  startup_stm32f40xx.o(.text)
    DMA1_Stream3_IRQHandler                  0x080001bb   Thumb Code     0  startup_stm32f40xx.o(.text)
    DMA1_Stream4_IRQHandler                  0x080001bb   Thumb Code     0  startup_stm32f40xx.o(.text)
    DMA1_Stream5_IRQHandler                  0x080001bb   Thumb Code     0  startup_stm32f40xx.o(.text)
    DMA1_Stream6_IRQHandler                  0x080001bb   Thumb Code     0  startup_stm32f40xx.o(.text)
    DMA1_Stream7_IRQHandler                  0x080001bb   Thumb Code     0  startup_stm32f40xx.o(.text)
    DMA2_Stream0_IRQHandler                  0x080001bb   Thumb Code     0  startup_stm32f40xx.o(.text)
    DMA2_Stream1_IRQHandler                  0x080001bb   Thumb Code     0  startup_stm32f40xx.o(.text)
    DMA2_Stream2_IRQHandler                  0x080001bb   Thumb Code     0  startup_stm32f40xx.o(.text)
    DMA2_Stream3_IRQHandler                  0x080001bb   Thumb Code     0  startup_stm32f40xx.o(.text)
    DMA2_Stream4_IRQHandler                  0x080001bb   Thumb Code     0  startup_stm32f40xx.o(.text)
    DMA2_Stream5_IRQHandler                  0x080001bb   Thumb Code     0  startup_stm32f40xx.o(.text)
    DMA2_Stream6_IRQHandler                  0x080001bb   Thumb Code     0  startup_stm32f40xx.o(.text)
    DMA2_Stream7_IRQHandler                  0x080001bb   Thumb Code     0  startup_stm32f40xx.o(.text)
    ETH_IRQHandler                           0x080001bb   Thumb Code     0  startup_stm32f40xx.o(.text)
    ETH_WKUP_IRQHandler                      0x080001bb   Thumb Code     0  startup_stm32f40xx.o(.text)
    EXTI0_IRQHandler                         0x080001bb   Thumb Code     0  startup_stm32f40xx.o(.text)
    EXTI15_10_IRQHandler                     0x080001bb   Thumb Code     0  startup_stm32f40xx.o(.text)
    EXTI1_IRQHandler                         0x080001bb   Thumb Code     0  startup_stm32f40xx.o(.text)
    EXTI2_IRQHandler                         0x080001bb   Thumb Code     0  startup_stm32f40xx.o(.text)
    EXTI3_IRQHandler                         0x080001bb   Thumb Code     0  startup_stm32f40xx.o(.text)
    EXTI4_IRQHandler                         0x080001bb   Thumb Code     0  startup_stm32f40xx.o(.text)
    EXTI9_5_IRQHandler                       0x080001bb   Thumb Code     0  startup_stm32f40xx.o(.text)
    FLASH_IRQHandler                         0x080001bb   Thumb Code     0  startup_stm32f40xx.o(.text)
    FPU_IRQHandler                           0x080001bb   Thumb Code     0  startup_stm32f40xx.o(.text)
    FSMC_IRQHandler                          0x080001bb   Thumb Code     0  startup_stm32f40xx.o(.text)
    HASH_RNG_IRQHandler                      0x080001bb   Thumb Code     0  startup_stm32f40xx.o(.text)
    I2C1_ER_IRQHandler                       0x080001bb   Thumb Code     0  startup_stm32f40xx.o(.text)
    I2C1_EV_IRQHandler                       0x080001bb   Thumb Code     0  startup_stm32f40xx.o(.text)
    I2C2_ER_IRQHandler                       0x080001bb   Thumb Code     0  startup_stm32f40xx.o(.text)
    I2C2_EV_IRQHandler                       0x080001bb   Thumb Code     0  startup_stm32f40xx.o(.text)
    I2C3_ER_IRQHandler                       0x080001bb   Thumb Code     0  startup_stm32f40xx.o(.text)
    I2C3_EV_IRQHandler                       0x080001bb   Thumb Code     0  startup_stm32f40xx.o(.text)
    OTG_FS_IRQHandler                        0x080001bb   Thumb Code     0  startup_stm32f40xx.o(.text)
    OTG_FS_WKUP_IRQHandler                   0x080001bb   Thumb Code     0  startup_stm32f40xx.o(.text)
    OTG_HS_EP1_IN_IRQHandler                 0x080001bb   Thumb Code     0  startup_stm32f40xx.o(.text)
    OTG_HS_EP1_OUT_IRQHandler                0x080001bb   Thumb Code     0  startup_stm32f40xx.o(.text)
    OTG_HS_IRQHandler                        0x080001bb   Thumb Code     0  startup_stm32f40xx.o(.text)
    OTG_HS_WKUP_IRQHandler                   0x080001bb   Thumb Code     0  startup_stm32f40xx.o(.text)
    PVD_IRQHandler                           0x080001bb   Thumb Code     0  startup_stm32f40xx.o(.text)
    RCC_IRQHandler                           0x080001bb   Thumb Code     0  startup_stm32f40xx.o(.text)
    RTC_Alarm_IRQHandler                     0x080001bb   Thumb Code     0  startup_stm32f40xx.o(.text)
    RTC_WKUP_IRQHandler                      0x080001bb   Thumb Code     0  startup_stm32f40xx.o(.text)
    SDIO_IRQHandler                          0x080001bb   Thumb Code     0  startup_stm32f40xx.o(.text)
    SPI1_IRQHandler                          0x080001bb   Thumb Code     0  startup_stm32f40xx.o(.text)
    SPI2_IRQHandler                          0x080001bb   Thumb Code     0  startup_stm32f40xx.o(.text)
    SPI3_IRQHandler                          0x080001bb   Thumb Code     0  startup_stm32f40xx.o(.text)
    TAMP_STAMP_IRQHandler                    0x080001bb   Thumb Code     0  startup_stm32f40xx.o(.text)
    TIM1_BRK_TIM9_IRQHandler                 0x080001bb   Thumb Code     0  startup_stm32f40xx.o(.text)
    TIM1_CC_IRQHandler                       0x080001bb   Thumb Code     0  startup_stm32f40xx.o(.text)
    TIM1_TRG_COM_TIM11_IRQHandler            0x080001bb   Thumb Code     0  startup_stm32f40xx.o(.text)
    TIM1_UP_TIM10_IRQHandler                 0x080001bb   Thumb Code     0  startup_stm32f40xx.o(.text)
    TIM2_IRQHandler                          0x080001bb   Thumb Code     0  startup_stm32f40xx.o(.text)
    TIM3_IRQHandler                          0x080001bb   Thumb Code     0  startup_stm32f40xx.o(.text)
    TIM4_IRQHandler                          0x080001bb   Thumb Code     0  startup_stm32f40xx.o(.text)
    TIM5_IRQHandler                          0x080001bb   Thumb Code     0  startup_stm32f40xx.o(.text)
    TIM6_DAC_IRQHandler                      0x080001bb   Thumb Code     0  startup_stm32f40xx.o(.text)
    TIM7_IRQHandler                          0x080001bb   Thumb Code     0  startup_stm32f40xx.o(.text)
    TIM8_BRK_TIM12_IRQHandler                0x080001bb   Thumb Code     0  startup_stm32f40xx.o(.text)
    TIM8_CC_IRQHandler                       0x080001bb   Thumb Code     0  startup_stm32f40xx.o(.text)
    TIM8_TRG_COM_TIM14_IRQHandler            0x080001bb   Thumb Code     0  startup_stm32f40xx.o(.text)
    TIM8_UP_TIM13_IRQHandler                 0x080001bb   Thumb Code     0  startup_stm32f40xx.o(.text)
    UART5_IRQHandler                         0x080001bb   Thumb Code     0  startup_stm32f40xx.o(.text)
    USART1_IRQHandler                        0x080001bb   Thumb Code     0  startup_stm32f40xx.o(.text)
    USART3_IRQHandler                        0x080001bb   Thumb Code     0  startup_stm32f40xx.o(.text)
    USART6_IRQHandler                        0x080001bb   Thumb Code     0  startup_stm32f40xx.o(.text)
    WWDG_IRQHandler                          0x080001bb   Thumb Code     0  startup_stm32f40xx.o(.text)
    __aeabi_memset                           0x080001c5   Thumb Code    14  memseta.o(.text)
    __aeabi_memset4                          0x080001c5   Thumb Code     0  memseta.o(.text)
    __aeabi_memset8                          0x080001c5   Thumb Code     0  memseta.o(.text)
    __aeabi_memclr                           0x080001d3   Thumb Code     4  memseta.o(.text)
    __aeabi_memclr4                          0x080001d3   Thumb Code     0  memseta.o(.text)
    __aeabi_memclr8                          0x080001d3   Thumb Code     0  memseta.o(.text)
    _memset$wrapper                          0x080001d7   Thumb Code    18  memseta.o(.text)
    strstr                                   0x080001e9   Thumb Code    36  strstr.o(.text)
    strncpy                                  0x0800020d   Thumb Code    24  strncpy.o(.text)
    strlen                                   0x08000225   Thumb Code    14  strlen.o(.text)
    strtoul                                  0x08000233   Thumb Code   114  strtoul.o(.text)
    __aeabi_f2d                              0x080002a5   Thumb Code    38  f2d.o(.text)
    __aeabi_d2f                              0x080002cb   Thumb Code    56  d2f.o(.text)
    __aeabi_uidiv                            0x08000303   Thumb Code     0  uidiv.o(.text)
    __aeabi_uidivmod                         0x08000303   Thumb Code    44  uidiv.o(.text)
    __aeabi_uldivmod                         0x0800032f   Thumb Code    98  uldiv.o(.text)
    __rt_ctype_table                         0x08000391   Thumb Code     4  ctype_o.o(.text)
    isspace                                  0x08000399   Thumb Code    18  isspace_o.o(.text)
    _strtoul                                 0x080003ab   Thumb Code   158  _strtoul.o(.text)
    __strtod_int                             0x0800047f   Thumb Code    90  strtod.o(.text)
    __I$use$fp                               0x080004e5   Thumb Code     0  iusefp.o(.text)
    _float_round                             0x080004e5   Thumb Code    18  fepilogue.o(.text)
    _float_epilogue                          0x080004f7   Thumb Code    92  fepilogue.o(.text)
    __aeabi_dadd                             0x08000553   Thumb Code   322  dadd.o(.text)
    __aeabi_dsub                             0x08000695   Thumb Code     6  dadd.o(.text)
    __aeabi_drsub                            0x0800069b   Thumb Code     6  dadd.o(.text)
    __aeabi_dmul                             0x080006a1   Thumb Code   228  dmul.o(.text)
    __aeabi_ddiv                             0x08000785   Thumb Code   222  ddiv.o(.text)
    __aeabi_d2ulz                            0x08000863   Thumb Code    48  dfixul.o(.text)
    __aeabi_cdrcmple                         0x08000895   Thumb Code    48  cdrcmple.o(.text)
    __scatterload                            0x080008c5   Thumb Code    28  init.o(.text)
    __scatterload_rt2                        0x080008c5   Thumb Code     0  init.o(.text)
    __aeabi_llsl                             0x080008e9   Thumb Code    30  llshl.o(.text)
    _ll_shift_l                              0x080008e9   Thumb Code     0  llshl.o(.text)
    __aeabi_llsr                             0x08000907   Thumb Code    32  llushr.o(.text)
    _ll_ushift_r                             0x08000907   Thumb Code     0  llushr.o(.text)
    __aeabi_lasr                             0x08000927   Thumb Code    36  llsshr.o(.text)
    _ll_sshift_r                             0x08000927   Thumb Code     0  llsshr.o(.text)
    _chval                                   0x0800094b   Thumb Code    28  _chval.o(.text)
    _scanf_real                              0x08000a91   Thumb Code     0  scanf_fp.o(.text)
    _scanf_really_real                       0x08000a91   Thumb Code   556  scanf_fp.o(.text)
    _sgetc                                   0x08000cc9   Thumb Code    30  _sgetc.o(.text)
    _sbackspace                              0x08000ce7   Thumb Code    34  _sgetc.o(.text)
    _double_round                            0x08000d09   Thumb Code    30  depilogue.o(.text)
    _double_epilogue                         0x08000d27   Thumb Code   156  depilogue.o(.text)
    __aeabi_ul2d                             0x08000dc3   Thumb Code    24  dfltul.o(.text)
    GPIO_Init                                0x08000ddb   Thumb Code   144  stm32f4xx_gpio.o(i.GPIO_Init)
    GPIO_PinAFConfig                         0x08000e6b   Thumb Code    70  stm32f4xx_gpio.o(i.GPIO_PinAFConfig)
    NVIC_Init                                0x08000eb1   Thumb Code   106  misc.o(i.NVIC_Init)
    RCC_AHB1PeriphClockCmd                   0x08000f29   Thumb Code    26  stm32f4xx_rcc.o(i.RCC_AHB1PeriphClockCmd)
    RCC_APB1PeriphClockCmd                   0x08000f49   Thumb Code    26  stm32f4xx_rcc.o(i.RCC_APB1PeriphClockCmd)
    RCC_GetClocksFreq                        0x08000f69   Thumb Code   214  stm32f4xx_rcc.o(i.RCC_GetClocksFreq)
    SysTick_CLKSourceConfig                  0x0800113d   Thumb Code    40  misc.o(i.SysTick_CLKSourceConfig)
    SystemInit                               0x08001165   Thumb Code    88  system_stm32f4xx.o(i.SystemInit)
    TJCPrintf                                0x080011cd   Thumb Code    76  tjc_uart4.o(i.TJCPrintf)
    UART4_IRQHandler                         0x08001219   Thumb Code    40  tjc_uart4.o(i.UART4_IRQHandler)
    USART2_IRQHandler                        0x08001245   Thumb Code   174  gps_uart2.o(i.USART2_IRQHandler)
    USART_ClearITPendingBit                  0x0800130d   Thumb Code    30  stm32f4xx_usart.o(i.USART_ClearITPendingBit)
    USART_Cmd                                0x0800132b   Thumb Code    24  stm32f4xx_usart.o(i.USART_Cmd)
    USART_GetFlagStatus                      0x08001343   Thumb Code    26  stm32f4xx_usart.o(i.USART_GetFlagStatus)
    USART_GetITStatus                        0x0800135d   Thumb Code    84  stm32f4xx_usart.o(i.USART_GetITStatus)
    USART_ITConfig                           0x080013b1   Thumb Code    74  stm32f4xx_usart.o(i.USART_ITConfig)
    USART_Init                               0x080013fd   Thumb Code   204  stm32f4xx_usart.o(i.USART_Init)
    USART_ReceiveData                        0x080014d1   Thumb Code    10  stm32f4xx_usart.o(i.USART_ReceiveData)
    USART_SendData                           0x080014db   Thumb Code     8  stm32f4xx_usart.o(i.USART_SendData)
    __0printf                                0x080014e5   Thumb Code    22  printfa.o(i.__0printf)
    __1printf                                0x080014e5   Thumb Code     0  printfa.o(i.__0printf)
    __2printf                                0x080014e5   Thumb Code     0  printfa.o(i.__0printf)
    __c89printf                              0x080014e5   Thumb Code     0  printfa.o(i.__0printf)
    printf                                   0x080014e5   Thumb Code     0  printfa.o(i.__0printf)
    __0vsnprintf                             0x08001505   Thumb Code    46  printfa.o(i.__0vsnprintf)
    __1vsnprintf                             0x08001505   Thumb Code     0  printfa.o(i.__0vsnprintf)
    __2vsnprintf                             0x08001505   Thumb Code     0  printfa.o(i.__0vsnprintf)
    __c89vsnprintf                           0x08001505   Thumb Code     0  printfa.o(i.__0vsnprintf)
    vsnprintf                                0x08001505   Thumb Code     0  printfa.o(i.__0vsnprintf)
    __ARM_fpclassifyf                        0x08001539   Thumb Code    38  fpclassifyf.o(i.__ARM_fpclassifyf)
    __aeabi_errno_addr                       0x08001561   Thumb Code     4  errno.o(i.__aeabi_errno_addr)
    __rt_errno_addr                          0x08001561   Thumb Code     0  errno.o(i.__aeabi_errno_addr)
    __hardfp_atof                            0x08001569   Thumb Code    44  atof.o(i.__hardfp_atof)
    __hardfp_cosf                            0x080015a1   Thumb Code   280  cosf.o(i.__hardfp_cosf)
    __hardfp_logf                            0x080016f1   Thumb Code   320  logf.o(i.__hardfp_logf)
    __mathlib_logf                           0x080016f1   Thumb Code     0  logf.o(i.__hardfp_logf)
    __hardfp_sinf                            0x0800185d   Thumb Code   344  sinf.o(i.__hardfp_sinf)
    __hardfp_sqrtf                           0x080019ed   Thumb Code    58  sqrtf.o(i.__hardfp_sqrtf)
    __hardfp_tanf                            0x08001a29   Thumb Code   322  tanf.o(i.__hardfp_tanf)
    __mathlib_flt_divzero                    0x08001ba5   Thumb Code    14  funder.o(i.__mathlib_flt_divzero)
    __mathlib_flt_infnan                     0x08001bb9   Thumb Code     6  funder.o(i.__mathlib_flt_infnan)
    __mathlib_flt_invalid                    0x08001bc1   Thumb Code    10  funder.o(i.__mathlib_flt_invalid)
    __mathlib_flt_underflow                  0x08001bd1   Thumb Code    10  funder.o(i.__mathlib_flt_underflow)
    __mathlib_rredf2                         0x08001be1   Thumb Code   316  rredf.o(i.__mathlib_rredf2)
    __read_errno                             0x08001d35   Thumb Code     6  errno.o(i.__read_errno)
    __scatterload_copy                       0x08001d41   Thumb Code    14  handlers.o(i.__scatterload_copy)
    __scatterload_null                       0x08001d4f   Thumb Code     2  handlers.o(i.__scatterload_null)
    __scatterload_zeroinit                   0x08001d51   Thumb Code    14  handlers.o(i.__scatterload_zeroinit)
    __set_errno                              0x08001d61   Thumb Code     6  errno.o(i.__set_errno)
    _is_digit                                0x08001ef1   Thumb Code    14  scanf_fp.o(i._is_digit)
    board_init                               0x0800261d   Thumb Code    38  board.o(i.board_init)
    convert_utc_to_beijing                   0x08002649   Thumb Code   194  gps_data_processing.o(i.convert_utc_to_beijing)
    debug_TJCPrintf                          0x0800270b   Thumb Code    76  tjc_uart4.o(i.debug_TJCPrintf)
    debug_uart5_send_byte                    0x08002759   Thumb Code    28  debug_uart5.o(i.debug_uart5_send_byte)
    delay_ms                                 0x08002779   Thumb Code    18  board.o(i.delay_ms)
    delay_us                                 0x0800278d   Thumb Code    74  board.o(i.delay_us)
    filter_latitude                          0x080027e1   Thumb Code    86  gps_data_processing.o(i.filter_latitude)
    filter_longitude                         0x08002845   Thumb Code    86  gps_data_processing.o(i.filter_longitude)
    filter_speed                             0x080028a9   Thumb Code    86  gps_data_processing.o(i.filter_speed)
    fputc                                    0x0800290d   Thumb Code    16  debug_uart5.o(i.fputc)
    gcj02_to_gaode_tile                      0x0800291d   Thumb Code   298  gps_data_processing.o(i.gcj02_to_gaode_tile)
    gcj02_to_tile_pixel_offset               0x08002a61   Thumb Code   262  gps_data_processing.o(i.gcj02_to_tile_pixel_offset)
    get_filtered_latitude                    0x08002bc1   Thumb Code    28  gps_data_processing.o(i.get_filtered_latitude)
    get_filtered_longitude                   0x08002bdd   Thumb Code    28  gps_data_processing.o(i.get_filtered_longitude)
    get_filtered_speed_kmh                   0x08002bf9   Thumb Code    24  gps_data_processing.o(i.get_filtered_speed_kmh)
    gps_clear_new_data_flag                  0x08002c69   Thumb Code    10  gps_uart2.o(i.gps_clear_new_data_flag)
    gps_get_latitude_degree                  0x08002d41   Thumb Code    28  gps_uart2.o(i.gps_get_latitude_degree)
    gps_get_longitude_degree                 0x08002d61   Thumb Code    28  gps_uart2.o(i.gps_get_longitude_degree)
    gps_get_speed_kmh                        0x08002d81   Thumb Code    16  gps_uart2.o(i.gps_get_speed_kmh)
    gps_has_fix                              0x08002d99   Thumb Code     8  gps_uart2.o(i.gps_has_fix)
    gps_is_new_data_available                0x08002da5   Thumb Code     8  gps_uart2.o(i.gps_is_new_data_available)
    gps_parse_nmea                           0x08003001   Thumb Code    30  gps_uart2.o(i.gps_parse_nmea)
    gps_uart2_init                           0x08003039   Thumb Code   214  gps_uart2.o(i.gps_uart2_init)
    main                                     0x08003151   Thumb Code   602  main.o(i.main)
    tjc_uart4_init                           0x08003685   Thumb Code   200  tjc_uart4.o(i.tjc_uart4_init)
    wgs84_to_gcj02                           0x08003a71   Thumb Code   374  gps_data_processing.o(i.wgs84_to_gcj02)
    __ctype_table                            0x08003c74   Data         129  ctype_o.o(.constdata)
    Region$$Table$$Base                      0x08003cfc   Number         0  anon$$obj.o(Region$$Table)
    Region$$Table$$Limit                     0x08003d1c   Number         0  anon$$obj.o(Region$$Table)
    SystemCoreClock                          0x20000000   Data           4  system_stm32f4xx.o(.data)
    AHBPrescTable                            0x20000004   Data          16  system_stm32f4xx.o(.data)
    __stdout                                 0x20000028   Data           4  stdout.o(.data)
    gps_device                               0x20000030   Data         328  gps_uart2.o(.bss)
    __initial_sp                             0x200007b0   Data           0  startup_stm32f40xx.o(STACK)



==============================================================================

Memory Map of the image

  Image Entry point : 0x08000189

  Load Region LR_IROM1 (Base: 0x08000000, Size: 0x00003d4c, Max: 0x00080000, ABSOLUTE)

    Execution Region ER_IROM1 (Exec base: 0x08000000, Load base: 0x08000000, Size: 0x00003d1c, Max: 0x00080000, ABSOLUTE)

    Exec Addr    Load Addr    Size         Type   Attr      Idx    E Section Name        Object

    0x08000000   0x08000000   0x00000188   Data   RO          605    RESET               startup_stm32f40xx.o
    0x08000188   0x08000188   0x00000000   Code   RO         5733  * .ARM.Collect$$$$00000000  mc_w.l(entry.o)
    0x08000188   0x08000188   0x00000004   Code   RO         6029    .ARM.Collect$$$$00000001  mc_w.l(entry2.o)
    0x0800018c   0x0800018c   0x00000004   Code   RO         6032    .ARM.Collect$$$$00000004  mc_w.l(entry5.o)
    0x08000190   0x08000190   0x00000000   Code   RO         6034    .ARM.Collect$$$$00000008  mc_w.l(entry7b.o)
    0x08000190   0x08000190   0x00000000   Code   RO         6036    .ARM.Collect$$$$0000000A  mc_w.l(entry8b.o)
    0x08000190   0x08000190   0x00000008   Code   RO         6037    .ARM.Collect$$$$0000000B  mc_w.l(entry9a.o)
    0x08000198   0x08000198   0x00000004   Code   RO         6044    .ARM.Collect$$$$0000000E  mc_w.l(entry12b.o)
    0x0800019c   0x0800019c   0x00000000   Code   RO         6039    .ARM.Collect$$$$0000000F  mc_w.l(entry10a.o)
    0x0800019c   0x0800019c   0x00000000   Code   RO         6041    .ARM.Collect$$$$00000011  mc_w.l(entry11a.o)
    0x0800019c   0x0800019c   0x00000004   Code   RO         6030    .ARM.Collect$$$$00002712  mc_w.l(entry2.o)
    0x080001a0   0x080001a0   0x00000024   Code   RO          606    .text               startup_stm32f40xx.o
    0x080001c4   0x080001c4   0x00000024   Code   RO         5736    .text               mc_w.l(memseta.o)
    0x080001e8   0x080001e8   0x00000024   Code   RO         5738    .text               mc_w.l(strstr.o)
    0x0800020c   0x0800020c   0x00000018   Code   RO         5740    .text               mc_w.l(strncpy.o)
    0x08000224   0x08000224   0x0000000e   Code   RO         5742    .text               mc_w.l(strlen.o)
    0x08000232   0x08000232   0x00000072   Code   RO         6004    .text               mc_w.l(strtoul.o)
    0x080002a4   0x080002a4   0x00000026   Code   RO         6006    .text               mf_w.l(f2d.o)
    0x080002ca   0x080002ca   0x00000038   Code   RO         6008    .text               mf_w.l(d2f.o)
    0x08000302   0x08000302   0x0000002c   Code   RO         6046    .text               mc_w.l(uidiv.o)
    0x0800032e   0x0800032e   0x00000062   Code   RO         6048    .text               mc_w.l(uldiv.o)
    0x08000390   0x08000390   0x00000008   Code   RO         6050    .text               mc_w.l(ctype_o.o)
    0x08000398   0x08000398   0x00000012   Code   RO         6072    .text               mc_w.l(isspace_o.o)
    0x080003aa   0x080003aa   0x0000009e   Code   RO         6085    .text               mc_w.l(_strtoul.o)
    0x08000448   0x08000448   0x0000009c   Code   RO         6087    .text               mc_w.l(strtod.o)
    0x080004e4   0x080004e4   0x00000000   Code   RO         6089    .text               mc_w.l(iusefp.o)
    0x080004e4   0x080004e4   0x0000006e   Code   RO         6090    .text               mf_w.l(fepilogue.o)
    0x08000552   0x08000552   0x0000014e   Code   RO         6092    .text               mf_w.l(dadd.o)
    0x080006a0   0x080006a0   0x000000e4   Code   RO         6094    .text               mf_w.l(dmul.o)
    0x08000784   0x08000784   0x000000de   Code   RO         6096    .text               mf_w.l(ddiv.o)
    0x08000862   0x08000862   0x00000030   Code   RO         6098    .text               mf_w.l(dfixul.o)
    0x08000892   0x08000892   0x00000002   PAD
    0x08000894   0x08000894   0x00000030   Code   RO         6100    .text               mf_w.l(cdrcmple.o)
    0x080008c4   0x080008c4   0x00000024   Code   RO         6102    .text               mc_w.l(init.o)
    0x080008e8   0x080008e8   0x0000001e   Code   RO         6104    .text               mc_w.l(llshl.o)
    0x08000906   0x08000906   0x00000020   Code   RO         6106    .text               mc_w.l(llushr.o)
    0x08000926   0x08000926   0x00000024   Code   RO         6108    .text               mc_w.l(llsshr.o)
    0x0800094a   0x0800094a   0x0000001c   Code   RO         6112    .text               mc_w.l(_chval.o)
    0x08000966   0x08000966   0x00000002   PAD
    0x08000968   0x08000968   0x00000360   Code   RO         6114    .text               mc_w.l(scanf_fp.o)
    0x08000cc8   0x08000cc8   0x00000040   Code   RO         6118    .text               mc_w.l(_sgetc.o)
    0x08000d08   0x08000d08   0x000000ba   Code   RO         6120    .text               mf_w.l(depilogue.o)
    0x08000dc2   0x08000dc2   0x00000018   Code   RO         6125    .text               mf_w.l(dfltul.o)
    0x08000dda   0x08000dda   0x00000090   Code   RO         2538    i.GPIO_Init         stm32f4xx_gpio.o
    0x08000e6a   0x08000e6a   0x00000046   Code   RO         2539    i.GPIO_PinAFConfig  stm32f4xx_gpio.o
    0x08000eb0   0x08000eb0   0x00000078   Code   RO          663    i.NVIC_Init         misc.o
    0x08000f28   0x08000f28   0x00000020   Code   RO         3464    i.RCC_AHB1PeriphClockCmd  stm32f4xx_rcc.o
    0x08000f48   0x08000f48   0x00000020   Code   RO         3473    i.RCC_APB1PeriphClockCmd  stm32f4xx_rcc.o
    0x08000f68   0x08000f68   0x000000e8   Code   RO         3485    i.RCC_GetClocksFreq  stm32f4xx_rcc.o
    0x08001050   0x08001050   0x000000ec   Code   RO            4    i.SetSysClock       system_stm32f4xx.o
    0x0800113c   0x0800113c   0x00000028   Code   RO          667    i.SysTick_CLKSourceConfig  misc.o
    0x08001164   0x08001164   0x00000068   Code   RO            6    i.SystemInit        system_stm32f4xx.o
    0x080011cc   0x080011cc   0x0000004c   Code   RO          397    i.TJCPrintf         tjc_uart4.o
    0x08001218   0x08001218   0x0000002c   Code   RO          398    i.UART4_IRQHandler  tjc_uart4.o
    0x08001244   0x08001244   0x000000c8   Code   RO          260    i.USART2_IRQHandler  gps_uart2.o
    0x0800130c   0x0800130c   0x0000001e   Code   RO         5411    i.USART_ClearITPendingBit  stm32f4xx_usart.o
    0x0800132a   0x0800132a   0x00000018   Code   RO         5414    i.USART_Cmd         stm32f4xx_usart.o
    0x08001342   0x08001342   0x0000001a   Code   RO         5417    i.USART_GetFlagStatus  stm32f4xx_usart.o
    0x0800135c   0x0800135c   0x00000054   Code   RO         5418    i.USART_GetITStatus  stm32f4xx_usart.o
    0x080013b0   0x080013b0   0x0000004a   Code   RO         5420    i.USART_ITConfig    stm32f4xx_usart.o
    0x080013fa   0x080013fa   0x00000002   PAD
    0x080013fc   0x080013fc   0x000000d4   Code   RO         5421    i.USART_Init        stm32f4xx_usart.o
    0x080014d0   0x080014d0   0x0000000a   Code   RO         5428    i.USART_ReceiveData  stm32f4xx_usart.o
    0x080014da   0x080014da   0x00000008   Code   RO         5431    i.USART_SendData    stm32f4xx_usart.o
    0x080014e2   0x080014e2   0x00000002   PAD
    0x080014e4   0x080014e4   0x00000020   Code   RO         5977    i.__0printf         mc_w.l(printfa.o)
    0x08001504   0x08001504   0x00000034   Code   RO         5982    i.__0vsnprintf      mc_w.l(printfa.o)
    0x08001538   0x08001538   0x00000026   Code   RO         6010    i.__ARM_fpclassifyf  m_wm.l(fpclassifyf.o)
    0x0800155e   0x0800155e   0x00000002   PAD
    0x08001560   0x08001560   0x00000008   Code   RO         6078    i.__aeabi_errno_addr  mc_w.l(errno.o)
    0x08001568   0x08001568   0x00000038   Code   RO         5665    i.__hardfp_atof     m_wm.l(atof.o)
    0x080015a0   0x080015a0   0x00000150   Code   RO         5671    i.__hardfp_cosf     m_wm.l(cosf.o)
    0x080016f0   0x080016f0   0x0000016c   Code   RO         5683    i.__hardfp_logf     m_wm.l(logf.o)
    0x0800185c   0x0800185c   0x00000190   Code   RO         5697    i.__hardfp_sinf     m_wm.l(sinf.o)
    0x080019ec   0x080019ec   0x0000003a   Code   RO         5709    i.__hardfp_sqrtf    m_wm.l(sqrtf.o)
    0x08001a26   0x08001a26   0x00000002   PAD
    0x08001a28   0x08001a28   0x0000017c   Code   RO         5721    i.__hardfp_tanf     m_wm.l(tanf.o)
    0x08001ba4   0x08001ba4   0x00000014   Code   RO         6012    i.__mathlib_flt_divzero  m_wm.l(funder.o)
    0x08001bb8   0x08001bb8   0x00000006   Code   RO         6013    i.__mathlib_flt_infnan  m_wm.l(funder.o)
    0x08001bbe   0x08001bbe   0x00000002   PAD
    0x08001bc0   0x08001bc0   0x00000010   Code   RO         6015    i.__mathlib_flt_invalid  m_wm.l(funder.o)
    0x08001bd0   0x08001bd0   0x00000010   Code   RO         6018    i.__mathlib_flt_underflow  m_wm.l(funder.o)
    0x08001be0   0x08001be0   0x00000154   Code   RO         6026    i.__mathlib_rredf2  m_wm.l(rredf.o)
    0x08001d34   0x08001d34   0x0000000c   Code   RO         6079    i.__read_errno      mc_w.l(errno.o)
    0x08001d40   0x08001d40   0x0000000e   Code   RO         6129    i.__scatterload_copy  mc_w.l(handlers.o)
    0x08001d4e   0x08001d4e   0x00000002   Code   RO         6130    i.__scatterload_null  mc_w.l(handlers.o)
    0x08001d50   0x08001d50   0x0000000e   Code   RO         6131    i.__scatterload_zeroinit  mc_w.l(handlers.o)
    0x08001d5e   0x08001d5e   0x00000002   PAD
    0x08001d60   0x08001d60   0x0000000c   Code   RO         6080    i.__set_errno       mc_w.l(errno.o)
    0x08001d6c   0x08001d6c   0x00000184   Code   RO         5984    i._fp_digits        mc_w.l(printfa.o)
    0x08001ef0   0x08001ef0   0x0000000e   Code   RO         6116    i._is_digit         mc_w.l(scanf_fp.o)
    0x08001efe   0x08001efe   0x00000002   PAD
    0x08001f00   0x08001f00   0x000006b4   Code   RO         5985    i._printf_core      mc_w.l(printfa.o)
    0x080025b4   0x080025b4   0x00000024   Code   RO         5986    i._printf_post_padding  mc_w.l(printfa.o)
    0x080025d8   0x080025d8   0x0000002e   Code   RO         5987    i._printf_pre_padding  mc_w.l(printfa.o)
    0x08002606   0x08002606   0x00000016   Code   RO         5988    i._snputc           mc_w.l(printfa.o)
    0x0800261c   0x0800261c   0x0000002c   Code   RO          613    i.board_init        board.o
    0x08002648   0x08002648   0x000000c2   Code   RO          496    i.convert_utc_to_beijing  gps_data_processing.o
    0x0800270a   0x0800270a   0x0000004c   Code   RO          399    i.debug_TJCPrintf   tjc_uart4.o
    0x08002756   0x08002756   0x00000002   PAD
    0x08002758   0x08002758   0x00000020   Code   RO          209    i.debug_uart5_send_byte  debug_uart5.o
    0x08002778   0x08002778   0x00000012   Code   RO          616    i.delay_ms          board.o
    0x0800278a   0x0800278a   0x00000002   PAD
    0x0800278c   0x0800278c   0x00000054   Code   RO          617    i.delay_us          board.o
    0x080027e0   0x080027e0   0x00000064   Code   RO          497    i.filter_latitude   gps_data_processing.o
    0x08002844   0x08002844   0x00000064   Code   RO          498    i.filter_longitude  gps_data_processing.o
    0x080028a8   0x080028a8   0x00000064   Code   RO          499    i.filter_speed      gps_data_processing.o
    0x0800290c   0x0800290c   0x00000010   Code   RO          212    i.fputc             debug_uart5.o
    0x0800291c   0x0800291c   0x00000144   Code   RO          500    i.gcj02_to_gaode_tile  gps_data_processing.o
    0x08002a60   0x08002a60   0x00000120   Code   RO          501    i.gcj02_to_tile_pixel_offset  gps_data_processing.o
    0x08002b80   0x08002b80   0x00000040   Code   RO          502    i.get_days_in_month  gps_data_processing.o
    0x08002bc0   0x08002bc0   0x0000001c   Code   RO          503    i.get_filtered_latitude  gps_data_processing.o
    0x08002bdc   0x08002bdc   0x0000001c   Code   RO          504    i.get_filtered_longitude  gps_data_processing.o
    0x08002bf8   0x08002bf8   0x00000018   Code   RO          505    i.get_filtered_speed_kmh  gps_data_processing.o
    0x08002c10   0x08002c10   0x00000058   Code   RO          261    i.gps_check_nmea_checksum  gps_uart2.o
    0x08002c68   0x08002c68   0x00000010   Code   RO          262    i.gps_clear_new_data_flag  gps_uart2.o
    0x08002c78   0x08002c78   0x00000064   Code   RO          263    i.gps_convert_to_degree  gps_uart2.o
    0x08002cdc   0x08002cdc   0x00000062   Code   RO          264    i.gps_extract_field  gps_uart2.o
    0x08002d3e   0x08002d3e   0x00000002   PAD
    0x08002d40   0x08002d40   0x00000020   Code   RO          267    i.gps_get_latitude_degree  gps_uart2.o
    0x08002d60   0x08002d60   0x00000020   Code   RO          268    i.gps_get_longitude_degree  gps_uart2.o
    0x08002d80   0x08002d80   0x00000018   Code   RO          269    i.gps_get_speed_kmh  gps_uart2.o
    0x08002d98   0x08002d98   0x0000000c   Code   RO          270    i.gps_has_fix       gps_uart2.o
    0x08002da4   0x08002da4   0x0000000c   Code   RO          271    i.gps_is_new_data_available  gps_uart2.o
    0x08002db0   0x08002db0   0x00000250   Code   RO          272    i.gps_parse_gprmc   gps_uart2.o
    0x08003000   0x08003000   0x00000038   Code   RO          273    i.gps_parse_nmea    gps_uart2.o
    0x08003038   0x08003038   0x000000e4   Code   RO          274    i.gps_uart2_init    gps_uart2.o
    0x0800311c   0x0800311c   0x00000034   Code   RO          506    i.is_leap_year      gps_data_processing.o
    0x08003150   0x08003150   0x00000494   Code   RO          148    i.main              main.o
    0x080035e4   0x080035e4   0x00000054   Code   RO          507    i.out_of_china      gps_data_processing.o
    0x08003638   0x08003638   0x00000010   Code   RO          401    i.ring_init         tjc_uart4.o
    0x08003648   0x08003648   0x0000003c   Code   RO          403    i.ring_write        tjc_uart4.o
    0x08003684   0x08003684   0x000000d8   Code   RO          406    i.tjc_uart4_init    tjc_uart4.o
    0x0800375c   0x0800375c   0x00000020   Code   RO          409    i.tjc_uart4_send_byte  tjc_uart4.o
    0x0800377c   0x0800377c   0x00000180   Code   RO          508    i.transform_lat     gps_data_processing.o
    0x080038fc   0x080038fc   0x00000174   Code   RO          509    i.transform_lon     gps_data_processing.o
    0x08003a70   0x08003a70   0x000001a4   Code   RO          510    i.wgs84_to_gcj02    gps_data_processing.o
    0x08003c14   0x08003c14   0x00000040   Data   RO         5686    .constdata          m_wm.l(logf.o)
    0x08003c54   0x08003c54   0x00000020   Data   RO         6027    .constdata          m_wm.l(rredf.o)
    0x08003c74   0x08003c74   0x00000081   Data   RO         6051    .constdata          mc_w.l(ctype_o.o)
    0x08003cf5   0x08003cf5   0x00000003   PAD
    0x08003cf8   0x08003cf8   0x00000004   Data   RO         6052    .constdata          mc_w.l(ctype_o.o)
    0x08003cfc   0x08003cfc   0x00000020   Data   RO         6127    Region$$Table       anon$$obj.o


    Execution Region RW_IRAM1 (Exec base: 0x20000000, Load base: 0x08003d1c, Size: 0x000007b0, Max: 0x00020000, ABSOLUTE)

    Exec Addr    Load Addr    Size         Type   Attr      Idx    E Section Name        Object

    0x20000000   0x08003d1c   0x00000014   Data   RW            7    .data               system_stm32f4xx.o
    0x20000014   0x08003d30   0x00000003   Data   RW          512    .data               gps_data_processing.o
    0x20000017   0x08003d33   0x00000010   Data   RW         3517    .data               stm32f4xx_rcc.o
    0x20000027   0x08003d43   0x00000001   PAD
    0x20000028   0x08003d44   0x00000004   Data   RW         6045    .data               mc_w.l(stdout.o)
    0x2000002c   0x08003d48   0x00000004   Data   RW         6081    .data               mc_w.l(errno.o)
    0x20000030        -       0x00000148   Zero   RW          277    .bss                gps_uart2.o
    0x20000178        -       0x000001fa   Zero   RW          411    .bss                tjc_uart4.o
    0x20000372   0x08003d4c   0x00000002   PAD
    0x20000374        -       0x0000003c   Zero   RW          511    .bss                gps_data_processing.o
    0x200003b0        -       0x00000400   Zero   RW          603    STACK               startup_stm32f40xx.o


==============================================================================

Image component sizes


      Code (inc. data)   RO Data    RW Data    ZI Data      Debug   Object Name

       146         16          0          0          0       1647   board.o
        48          4          0          0          0       2828   debug_uart5.o
      2562        222          0          3         60      16650   gps_data_processing.o
      1490        116          0          0        328       9562   gps_uart2.o
      1172        570          0          0          0       3028   main.o
       160         14          0          0          0       1894   misc.o
        36          8        392          0       1024        936   startup_stm32f40xx.o
       214          0          0          0          0       2115   stm32f4xx_gpio.o
       296         30          0         16          0       4506   stm32f4xx_rcc.o
       468          8          0          0          0       6855   stm32f4xx_usart.o
       340         32          0         20          0     274241   system_stm32f4xx.o
       520         34          0          0        506       4954   tjc_uart4.o

    ----------------------------------------------------------------------
      7462       1054        424         40       1920     329216   Object Totals
         0          0         32          0          0          0   (incl. Generated)
        10          0          0          1          2          0   (incl. Padding)

    ----------------------------------------------------------------------

      Code (inc. data)   RO Data    RW Data    ZI Data      Debug   Library Member Name

        56         12          0          0          0        132   atof.o
       336         56          0          0          0        136   cosf.o
        38          0          0          0          0        116   fpclassifyf.o
        58         18          0          0          0        464   funder.o
       364         44         64          0          0        140   logf.o
       340         24         32          0          0        160   rredf.o
       400         56          0          0          0        212   sinf.o
        58          0          0          0          0        136   sqrtf.o
       380         58          0          0          0        200   tanf.o
        28          0          0          0          0         68   _chval.o
        64          0          0          0          0         84   _sgetc.o
       158          0          0          0          0         92   _strtoul.o
         8          4        133          0          0         68   ctype_o.o
         0          0          0          0          0          0   entry.o
         0          0          0          0          0          0   entry10a.o
         0          0          0          0          0          0   entry11a.o
         4          0          0          0          0          0   entry12b.o
         8          4          0          0          0          0   entry2.o
         4          0          0          0          0          0   entry5.o
         0          0          0          0          0          0   entry7b.o
         0          0          0          0          0          0   entry8b.o
         8          4          0          0          0          0   entry9a.o
        32         16          0          4          0        204   errno.o
        30          0          0          0          0          0   handlers.o
        36          8          0          0          0         68   init.o
        18          0          0          0          0         76   isspace_o.o
         0          0          0          0          0          0   iusefp.o
        30          0          0          0          0         68   llshl.o
        36          0          0          0          0         68   llsshr.o
        32          0          0          0          0         68   llushr.o
        36          0          0          0          0        108   memseta.o
      2292         96          0          0          0        612   printfa.o
       878         12          0          0          0        216   scanf_fp.o
         0          0          0          4          0          0   stdout.o
        14          0          0          0          0         68   strlen.o
        24          0          0          0          0         76   strncpy.o
        36          0          0          0          0         80   strstr.o
       156         12          0          0          0        120   strtod.o
       114          0          0          0          0         92   strtoul.o
        44          0          0          0          0         80   uidiv.o
        98          0          0          0          0         92   uldiv.o
        48          0          0          0          0         68   cdrcmple.o
        56          0          0          0          0         88   d2f.o
       334          0          0          0          0        148   dadd.o
       222          0          0          0          0        100   ddiv.o
       186          0          0          0          0        176   depilogue.o
        48          0          0          0          0         68   dfixul.o
        24          0          0          0          0         76   dfltul.o
       228          0          0          0          0         96   dmul.o
        38          0          0          0          0         68   f2d.o
       110          0          0          0          0        168   fepilogue.o

    ----------------------------------------------------------------------
      7526        424        232          8          0       5160   Library Totals
        14          0          3          0          0          0   (incl. Padding)

    ----------------------------------------------------------------------

      Code (inc. data)   RO Data    RW Data    ZI Data      Debug   Library Name

      2030        268         96          0          0       1696   m_wm.l
      4188        156        133          8          0       2408   mc_w.l
      1294          0          0          0          0       1056   mf_w.l

    ----------------------------------------------------------------------
      7526        424        232          8          0       5160   Library Totals

    ----------------------------------------------------------------------

==============================================================================


      Code (inc. data)   RO Data    RW Data    ZI Data      Debug   

     14988       1478        656         48       1920     326460   Grand Totals
     14988       1478        656         48       1920     326460   ELF Image Totals
     14988       1478        656         48          0          0   ROM Totals

==============================================================================

    Total RO  Size (Code + RO Data)                15644 (  15.28kB)
    Total RW  Size (RW Data + ZI Data)              1968 (   1.92kB)
    Total ROM Size (Code + RO Data + RW Data)      15692 (  15.32kB)

==============================================================================

